Archive member included to satisfy reference by file (symbol)

/Applications/MCUXpressoIDE_11.6.1_8255/ide/plugins/com.nxp.mcuxpresso.tools.macosx_11.6.1.202207200623/tools/bin/../lib/gcc/arm-none-eabi/10.3.1/../../../../arm-none-eabi/lib/thumb/v8-m.main+fp/hard/libcr_nohost_nf.a(_cr__main.o)
                              ./startup/startup_mimxrt595s_cm33.o (__main)
/Applications/MCUXpressoIDE_11.6.1_8255/ide/plugins/com.nxp.mcuxpresso.tools.macosx_11.6.1.202207200623/tools/bin/../lib/gcc/arm-none-eabi/10.3.1/../../../../arm-none-eabi/lib/thumb/v8-m.main+fp/hard/libcr_c.a(memcpy.o)
                              ./utilities/fsl_str.o (memcpy)
/Applications/MCUXpressoIDE_11.6.1_8255/ide/plugins/com.nxp.mcuxpresso.tools.macosx_11.6.1.202207200623/tools/bin/../lib/gcc/arm-none-eabi/10.3.1/../../../../arm-none-eabi/lib/thumb/v8-m.main+fp/hard/libcr_c.a(memset.o)
                              ./utilities/fsl_debug_console.o (memset)
/Applications/MCUXpressoIDE_11.6.1_8255/ide/plugins/com.nxp.mcuxpresso.tools.macosx_11.6.1.202207200623/tools/bin/../lib/gcc/arm-none-eabi/10.3.1/../../../../arm-none-eabi/lib/thumb/v8-m.main+fp/hard/libcr_c.a(alloc.o)
                              ./drivers/fsl_common.o (malloc)
/Applications/MCUXpressoIDE_11.6.1_8255/ide/plugins/com.nxp.mcuxpresso.tools.macosx_11.6.1.202207200623/tools/bin/../lib/gcc/arm-none-eabi/10.3.1/../../../../arm-none-eabi/lib/thumb/v8-m.main+fp/hard/libcr_c.a(errno.o)
                              ./utilities/fsl_str.o (errno)
/Applications/MCUXpressoIDE_11.6.1_8255/ide/plugins/com.nxp.mcuxpresso.tools.macosx_11.6.1.202207200623/tools/bin/../lib/gcc/arm-none-eabi/10.3.1/../../../../arm-none-eabi/lib/thumb/v8-m.main+fp/hard/libcr_c.a(initio.o)
                              /Applications/MCUXpressoIDE_11.6.1_8255/ide/plugins/com.nxp.mcuxpresso.tools.macosx_11.6.1.202207200623/tools/bin/../lib/gcc/arm-none-eabi/10.3.1/../../../../arm-none-eabi/lib/thumb/v8-m.main+fp/hard/libcr_nohost_nf.a(_cr__main.o) (_initio)
/Applications/MCUXpressoIDE_11.6.1_8255/ide/plugins/com.nxp.mcuxpresso.tools.macosx_11.6.1.202207200623/tools/bin/../lib/gcc/arm-none-eabi/10.3.1/../../../../arm-none-eabi/lib/thumb/v8-m.main+fp/hard/libcr_c.a(scanf.o)
                              ./utilities/fsl_str.o (strtoul)
/Applications/MCUXpressoIDE_11.6.1_8255/ide/plugins/com.nxp.mcuxpresso.tools.macosx_11.6.1.202207200623/tools/bin/../lib/gcc/arm-none-eabi/10.3.1/../../../../arm-none-eabi/lib/thumb/v8-m.main+fp/hard/libcr_c.a(setvbuf.o)
                              /Applications/MCUXpressoIDE_11.6.1_8255/ide/plugins/com.nxp.mcuxpresso.tools.macosx_11.6.1.202207200623/tools/bin/../lib/gcc/arm-none-eabi/10.3.1/../../../../arm-none-eabi/lib/thumb/v8-m.main+fp/hard/libcr_c.a(initio.o) (setvbuf)
/Applications/MCUXpressoIDE_11.6.1_8255/ide/plugins/com.nxp.mcuxpresso.tools.macosx_11.6.1.202207200623/tools/bin/../lib/gcc/arm-none-eabi/10.3.1/../../../../arm-none-eabi/lib/thumb/v8-m.main+fp/hard/libcr_c.a(strlen.o)
                              ./utilities/fsl_str.o (strlen)
/Applications/MCUXpressoIDE_11.6.1_8255/ide/plugins/com.nxp.mcuxpresso.tools.macosx_11.6.1.202207200623/tools/bin/../lib/gcc/arm-none-eabi/10.3.1/../../../../arm-none-eabi/lib/thumb/v8-m.main+fp/hard/libcr_c.a(ungetc.o)
                              /Applications/MCUXpressoIDE_11.6.1_8255/ide/plugins/com.nxp.mcuxpresso.tools.macosx_11.6.1.202207200623/tools/bin/../lib/gcc/arm-none-eabi/10.3.1/../../../../arm-none-eabi/lib/thumb/v8-m.main+fp/hard/libcr_c.a(scanf.o) (ungetc)
/Applications/MCUXpressoIDE_11.6.1_8255/ide/plugins/com.nxp.mcuxpresso.tools.macosx_11.6.1.202207200623/tools/bin/../lib/gcc/arm-none-eabi/10.3.1/../../../../arm-none-eabi/lib/thumb/v8-m.main+fp/hard/libcr_c.a(__fillbuf.o)
                              /Applications/MCUXpressoIDE_11.6.1_8255/ide/plugins/com.nxp.mcuxpresso.tools.macosx_11.6.1.202207200623/tools/bin/../lib/gcc/arm-none-eabi/10.3.1/../../../../arm-none-eabi/lib/thumb/v8-m.main+fp/hard/libcr_c.a(scanf.o) (__filbuf)
/Applications/MCUXpressoIDE_11.6.1_8255/ide/plugins/com.nxp.mcuxpresso.tools.macosx_11.6.1.202207200623/tools/bin/../lib/gcc/arm-none-eabi/10.3.1/../../../../arm-none-eabi/lib/thumb/v8-m.main+fp/hard/libcr_c.a(__init_alloc.o)
                              /Applications/MCUXpressoIDE_11.6.1_8255/ide/plugins/com.nxp.mcuxpresso.tools.macosx_11.6.1.202207200623/tools/bin/../lib/gcc/arm-none-eabi/10.3.1/../../../../arm-none-eabi/lib/thumb/v8-m.main+fp/hard/libcr_c.a(alloc.o) (__heaps)
/Applications/MCUXpressoIDE_11.6.1_8255/ide/plugins/com.nxp.mcuxpresso.tools.macosx_11.6.1.202207200623/tools/bin/../lib/gcc/arm-none-eabi/10.3.1/../../../../arm-none-eabi/lib/thumb/v8-m.main+fp/hard/libcr_c.a(_cr_sbrk.o)
                              /Applications/MCUXpressoIDE_11.6.1_8255/ide/plugins/com.nxp.mcuxpresso.tools.macosx_11.6.1.202207200623/tools/bin/../lib/gcc/arm-none-eabi/10.3.1/../../../../arm-none-eabi/lib/thumb/v8-m.main+fp/hard/libcr_c.a(alloc.o) (_sbrk)
[...]
Memory Configuration

Name             Origin             Length             Attributes
QSPI_FLASH       0x0000000008000000 0x0000000004000000 xr
SRAM             0x0000000020280000 0x0000000000280000 xrw
USB_RAM          0x0000000040140000 0x0000000000004000 xrw
*default*        0x0000000000000000 0xffffffffffffffff

Linker script and memory map

LOAD ./utilities/fsl_assert.o
LOAD ./utilities/fsl_debug_console.o
LOAD ./utilities/fsl_str.o
LOAD ./startup/startup_mimxrt595s_cm33.o
LOAD ./source/freertos_mutex.o
LOAD ./source/semihost_hardfault.o
LOAD ./freertos/freertos_kernel/portable/MemMang/heap_4.o
LOAD ./freertos/freertos_kernel/portable/GCC/ARM_CM33_NTZ/non_secure/port.o
LOAD ./freertos/freertos_kernel/portable/GCC/ARM_CM33_NTZ/non_secure/portasm.o
LOAD ./freertos/freertos_kernel/croutine.o
LOAD ./freertos/freertos_kernel/event_groups.o
LOAD ./freertos/freertos_kernel/list.o
LOAD ./freertos/freertos_kernel/queue.o
LOAD ./freertos/freertos_kernel/stream_buffer.o
LOAD ./freertos/freertos_kernel/tasks.o
LOAD ./freertos/freertos_kernel/timers.o
LOAD ./flash_config/flash_config.o
LOAD ./drivers/fsl_cache.o
LOAD ./drivers/fsl_clock.o
LOAD ./drivers/fsl_common.o
LOAD ./drivers/fsl_common_arm.o
LOAD ./drivers/fsl_flexcomm.o
LOAD ./drivers/fsl_flexspi.o
LOAD ./drivers/fsl_gpio.o
LOAD ./drivers/fsl_iap.o
LOAD ./drivers/fsl_power.o
LOAD ./drivers/fsl_reset.o
LOAD ./drivers/fsl_usart.o
LOAD ./device/system_MIMXRT595S_cm33.o
LOAD ./component/uart/fsl_adapter_usart.o
LOAD ./component/serial_manager/fsl_component_serial_manager.o
LOAD ./component/serial_manager/fsl_component_serial_port_uart.o
LOAD ./component/lists/fsl_component_generic_list.o
LOAD ./board/board.o
LOAD ./board/clock_config.o
LOAD ./board/pin_mux.o
START GROUP
LOAD /Applications/MCUXpressoIDE_11.6.1_8255/ide/plugins/com.nxp.mcuxpresso.tools.macosx_11.6.1.202207200623/tools/bin/../lib/gcc/arm-none-eabi/10.3.1/../../../../arm-none-eabi/lib/thumb/v8-m.main+fp/hard/libcr_nohost_nf.a
LOAD /Applications/MCUXpressoIDE_11.6.1_8255/ide/plugins/com.nxp.mcuxpresso.tools.macosx_11.6.1.202207200623/tools/bin/../lib/gcc/arm-none-eabi/10.3.1/../../../../arm-none-eabi/lib/thumb/v8-m.main+fp/hard/libcr_c.a
LOAD /Applications/MCUXpressoIDE_11.6.1_8255/ide/plugins/com.nxp.mcuxpresso.tools.macosx_11.6.1.202207200623/tools/bin/../lib/gcc/arm-none-eabi/10.3.1/thumb/v8-m.main+fp/hard/libcr_eabihelpers.a
LOAD /Applications/MCUXpressoIDE_11.6.1_8255/ide/plugins/com.nxp.mcuxpresso.tools.macosx_11.6.1.202207200623/tools/bin/../lib/gcc/arm-none-eabi/10.3.1/thumb/v8-m.main+fp/hard/libgcc.a
END GROUP
                0x0000000008000000                __base_QSPI_FLASH = 0x8000000
                0x0000000008000000                __base_Flash = 0x8000000
                0x000000000c000000                __top_QSPI_FLASH = 0xc000000
                0x000000000c000000                __top_Flash = 0xc000000
                0x0000000020280000                __base_SRAM = 0x20280000
                0x0000000020280000                __base_RAM = 0x20280000
                0x0000000020500000                __top_SRAM = 0x20500000
                0x0000000020500000                __top_RAM = 0x20500000
                0x0000000040140000                __base_USB_RAM = 0x40140000
                0x0000000040140000                __base_RAM2 = 0x40140000
                0x0000000040144000                __top_USB_RAM = 0x40144000
                0x0000000040144000                __top_RAM2 = 0x40144000

.boot_hdr       0x0000000008000000     0x1000
 FILL mask 0x00
                0x0000000008000000                __boot_hdr_start__ = ABSOLUTE (.)
                0x0000000000000400                . = 0x400
 *fill*         0x0000000008000000      0x400 00
                0x0000000008000400                __flash_conf_hdr_start__ = ABSOLUTE (.)
 *(SORT_BY_ALIGNMENT(.flash_conf))
 .flash_conf    0x0000000008000400      0x200 ./flash_config/flash_config.o
                0x0000000008000400                flash_config
                0x0000000008000600                __flash_conf_hdr_end__ = ABSOLUTE (.)
                0x0000000000001000                . = 0x1000
 *fill*         0x0000000008000600      0xa00 00
                0x0000000008001000                __boot_hdr_end__ = ABSOLUTE (.)

.text           0x0000000008001000     0x78a0
 FILL mask 0xff
                0x0000000008001000                __vectors_start__ = ABSOLUTE (.)
 *(SORT_BY_ALIGNMENT(.isr_vector))
 .isr_vector    0x0000000008001000      0x168 ./startup/startup_mimxrt595s_cm33.o
                0x0000000008001000                __Vectors
                0x0000000008001000                g_pfnVectors
                0x0000000008001168                . = ALIGN (0x4)
                0x0000000008001168                __section_table_start = .
                0x0000000008001168                __data_section_table = .
                0x0000000008001168        0x4 LONG 0x80088a0 LOADADDR (.data)
                0x000000000800116c        0x4 LONG 0x20280000 ADDR (.data)
                0x0000000008001170        0x4 LONG 0x1858 SIZEOF (.data)
                0x0000000008001174        0x4 LONG 0x80088a0 LOADADDR (.data_RAM2)
                0x0000000008001178        0x4 LONG 0x40140000 ADDR (.data_RAM2)
                0x000000000800117c        0x4 LONG 0x0 SIZEOF (.data_RAM2)
                0x0000000008001180                __data_section_table_end = .
                0x0000000008001180                __bss_section_table = .
                0x0000000008001180        0x4 LONG 0x20281858 ADDR (.bss)
                0x0000000008001184        0x4 LONG 0x2b24 SIZEOF (.bss)
                0x0000000008001188        0x4 LONG 0x40140000 ADDR (.bss_RAM2)
                0x000000000800118c        0x4 LONG 0x0 SIZEOF (.bss_RAM2)
                0x0000000008001190                __bss_section_table_end = .
                0x0000000008001190                __section_table_end = .
 *(SORT_BY_ALIGNMENT(.after_vectors*))
 .after_vectors.reset
                0x0000000008001190       0x68 ./startup/startup_mimxrt595s_cm33.o
                0x0000000008001190                ResetISR
 .after_vectors.init_data
                0x00000000080011f8       0x1e ./startup/startup_mimxrt595s_cm33.o
                0x00000000080011f8                data_init
 .after_vectors.init_bss
                0x0000000008001216       0x12 ./startup/startup_mimxrt595s_cm33.o
                0x0000000008001216                bss_init
 .after_vectors
                0x0000000008001228       0x16 ./startup/startup_mimxrt595s_cm33.o
                0x0000000008001228                NMI_Handler
                0x000000000800122c                MemManage_Handler
                0x000000000800122e                BusFault_Handler
                0x0000000008001230                UsageFault_Handler
                0x0000000008001232                SecureFault_Handler
                0x0000000008001236                DebugMon_Handler
                0x000000000800123c                Reserved42_DriverIRQHandler
                0x000000000800123c                SGPIO_INTA_DriverIRQHandler
                0x000000000800123c                CASPER_DriverIRQHandler
                0x000000000800123c                PIN_INT3_DriverIRQHandler
                0x000000000800123c                PIN_INT2_DriverIRQHandler
                0x000000000800123c                GPIO_INTB_DriverIRQHandler
                0x000000000800123c                PIN_INT0_DriverIRQHandler
                0x000000000800123c                CTIMER2_DriverIRQHandler
                0x000000000800123c                DSP_TIE_EXPSTATE1_DriverIRQHandler
                0x000000000800123c                IntDefaultHandler
                0x000000000800123c                USB0_DriverIRQHandler
                0x000000000800123c                FLEXIO_DriverIRQHandler
                0x000000000800123c                MRT0_DriverIRQHandler
                0x000000000800123c                UTICK0_DriverIRQHandler
                0x000000000800123c                DMIC0_DriverIRQHandler
                0x000000000800123c                USDHC1_DriverIRQHandler
                0x000000000800123c                PIN_INT4_DriverIRQHandler
                0x000000000800123c                PIN_INT5_DriverIRQHandler
                0x000000000800123c                USDHC0_DriverIRQHandler
                0x000000000800123c                RNG_DriverIRQHandler
                0x000000000800123c                CTIMER4_DriverIRQHandler
                0x000000000800123c                PIN_INT7_DriverIRQHandler
                0x000000000800123c                HASHCRYPT_DriverIRQHandler
                0x000000000800123c                USB0_NEEDCLK_DriverIRQHandler
                0x000000000800123c                POWERQUAD_DriverIRQHandler
                0x000000000800123c                CTIMER0_DriverIRQHandler
                0x000000000800123c                CTIMER1_DriverIRQHandler
                0x000000000800123c                PIN_INT6_DriverIRQHandler
                0x000000000800123c                SGPIO_INTB_DriverIRQHandler
                0x000000000800123c                PIN_INT1_DriverIRQHandler
                0x000000000800123c                CTIMER3_DriverIRQHandler
                0x000000000800123c                HWVAD0_DriverIRQHandler
                0x000000000800123c                GPIO_INTA_DriverIRQHandler
                0x000000000800123c                GPU_DriverIRQHandler
                0x000000000800123c                PUF_DriverIRQHandler
                0x000000000800123c                RTC_DriverIRQHandler
                0x000000000800123c                MU_A_DriverIRQHandler
                0x000000000800123c                DMA1_DriverIRQHandler
                0x000000000800123c                PMU_PMIC_DriverIRQHandler
                0x000000000800123c                Reserved88_DriverIRQHandler
                0x000000000800123c                ADC0_DriverIRQHandler
                0x000000000800123c                WDT0_DriverIRQHandler
                0x000000000800123c                USB_PHYDCD_DriverIRQHandler
                0x000000000800123c                MIPI_DriverIRQHandler
                0x000000000800123c                SDMA_DriverIRQHandler
                0x000000000800123c                I3C1_DriverIRQHandler
                0x000000000800123c                ACMP_DriverIRQHandler
                0x000000000800123c                Reserved46_DriverIRQHandler
                0x000000000800123c                WDT1_DriverIRQHandler
                0x000000000800123c                SCT0_DriverIRQHandler
                0x000000000800123c                HYPERVISOR_DriverIRQHandler
                0x000000000800123c                OS_EVENT_DriverIRQHandler
                0x000000000800123c                LCDIF_DriverIRQHandler
                0x000000000800123c                I3C0_DriverIRQHandler
                0x000000000800123c                SECURE_VIOLATION_DriverIRQHandler
                0x000000000800123c                Reserved39_DriverIRQHandler
                0x000000000800123c                DMA0_DriverIRQHandler
 *(SORT_BY_ALIGNMENT(.text*))
 *fill*         0x000000000800123e        0x2 ff
 .text.vRestoreContextOfFirstTask
                0x0000000008001240       0x38 ./freertos/freertos_kernel/portable/GCC/ARM_CM33_NTZ/non_secure/portasm.o
                0x0000000008001240                vRestoreContextOfFirstTask
 *fill*         0x0000000008001278        0x8 ff
 .text.vStartFirstTask
                0x0000000008001280       0x28 ./freertos/freertos_kernel/portable/GCC/ARM_CM33_NTZ/non_secure/portasm.o
                0x0000000008001280                vStartFirstTask
 *fill*         0x00000000080012a8        0x8 ff
 .text.PendSV_Handler
                0x00000000080012b0       0x68 ./freertos/freertos_kernel/portable/GCC/ARM_CM33_NTZ/non_secure/portasm.o
                0x00000000080012b0                PendSV_Handler
 *fill*         0x0000000008001318        0x8 ff
 .text.SVC_Handler
                0x0000000008001320       0x28 ./freertos/freertos_kernel/portable/GCC/ARM_CM33_NTZ/non_secure/portasm.o
                0x0000000008001320                SVC_Handler
 .text.__assertion_failed
                0x0000000008001348       0x18 ./utilities/fsl_assert.o
                0x0000000008001348                __assertion_failed
 .text.DbgConsole_SendDataReliable
                0x0000000008001360       0x54 ./utilities/fsl_debug_console.o
                0x0000000008001360                DbgConsole_SendDataReliable
 .text.DbgConsole_Init
                0x00000000080013b4      0x128 ./utilities/fsl_debug_console.o
                0x00000000080013b4                DbgConsole_Init
 .text.DbgConsole_Vprintf
                0x00000000080014dc       0x6c ./utilities/fsl_debug_console.o
                0x00000000080014dc                DbgConsole_Vprintf
 .text.main     0x0000000008001548       0x80 ./source/freertos_mutex.o
                0x0000000008001548                main
 .text.write_task_1
                0x00000000080015c8       0x70 ./source/freertos_mutex.o
 .text.write_task_2
                0x0000000008001638       0x78 ./source/freertos_mutex.o
 .text.pvPortMalloc
                0x00000000080016b0      0x190 ./freertos/freertos_kernel/portable/MemMang/heap_4.o
                0x00000000080016b0                pvPortMalloc
 .text.vPortFree
                0x0000000008001840       0xa4 ./freertos/freertos_kernel/portable/MemMang/heap_4.o
                0x0000000008001840                vPortFree
 .text.prvHeapInit
                0x00000000080018e4       0xc4 ./freertos/freertos_kernel/portable/MemMang/heap_4.o
 .text.prvInsertBlockIntoFreeList
                0x00000000080019a8       0xb4 ./freertos/freertos_kernel/portable/MemMang/heap_4.o
 .text.vPortSetupTimerInterrupt
                0x0000000008001a5c       0x48 ./freertos/freertos_kernel/portable/GCC/ARM_CM33_NTZ/non_secure/port.o
                0x0000000008001a5c                vPortSetupTimerInterrupt
 .text.prvTaskExitError
                0x0000000008001aa4       0x34 ./freertos/freertos_kernel/portable/GCC/ARM_CM33_NTZ/non_secure/port.o
 .text.prvSetupFPU
                0x0000000008001ad8       0x30 ./freertos/freertos_kernel/portable/GCC/ARM_CM33_NTZ/non_secure/port.o
 .text.vPortYield
                0x0000000008001b08       0x24 ./freertos/freertos_kernel/portable/GCC/ARM_CM33_NTZ/non_secure/port.o
                0x0000000008001b08                vPortYield
 .text.vPortEnterCritical
                0x0000000008001b2c       0x24 ./freertos/freertos_kernel/portable/GCC/ARM_CM33_NTZ/non_secure/port.o
                0x0000000008001b2c                vPortEnterCritical
 .text.vPortExitCritical
                0x0000000008001b50       0x34 ./freertos/freertos_kernel/portable/GCC/ARM_CM33_NTZ/non_secure/port.o
                0x0000000008001b50                vPortExitCritical
 .text.SysTick_Handler
                0x0000000008001b84       0x30 ./freertos/freertos_kernel/portable/GCC/ARM_CM33_NTZ/non_secure/port.o
                0x0000000008001b84                SysTick_Handler
 .text.pxPortInitialiseStack
                0x0000000008001bb4      0x114 ./freertos/freertos_kernel/portable/GCC/ARM_CM33_NTZ/non_secure/port.o
                0x0000000008001bb4                pxPortInitialiseStack
 .text.xPortStartScheduler
                0x0000000008001cc8       0x40 ./freertos/freertos_kernel/portable/GCC/ARM_CM33_NTZ/non_secure/port.o
                0x0000000008001cc8                xPortStartScheduler
 .text.vQueueAddToRegistry
                0x0000000008001d08       0x54 ./freertos/freertos_kernel/queue.o
                0x0000000008001d08                vQueueAddToRegistry
 .text.prvAddNewTaskToReadyList
                0x0000000008001d5c       0xd0 ./freertos/freertos_kernel/tasks.o
 .text.vTaskDelay
                0x0000000008001e2c       0x48 ./freertos/freertos_kernel/tasks.o
                0x0000000008001e2c                vTaskDelay
 .text.vTaskStartScheduler
                0x0000000008001e74       0x84 ./freertos/freertos_kernel/tasks.o
                0x0000000008001e74                vTaskStartScheduler
 .text.vTaskSuspendAll
                0x0000000008001ef8       0x1c ./freertos/freertos_kernel/tasks.o
                0x0000000008001ef8                vTaskSuspendAll
 .text.xTaskResumeAll
                0x0000000008001f14      0x11c ./freertos/freertos_kernel/tasks.o
                0x0000000008001f14                xTaskResumeAll
 .text.xTaskGetTickCount
                0x0000000008002030       0x20 ./freertos/freertos_kernel/tasks.o
                0x0000000008002030                xTaskGetTickCount
 .text.xTaskIncrementTick
                0x0000000008002050      0x144 ./freertos/freertos_kernel/tasks.o
                0x0000000008002050                xTaskIncrementTick
 .text.vTaskSwitchContext
                0x0000000008002194       0xa8 ./freertos/freertos_kernel/tasks.o
                0x0000000008002194                vTaskSwitchContext
 .text.vTaskPlaceOnEventList
                0x000000000800223c       0x38 ./freertos/freertos_kernel/tasks.o
                0x000000000800223c                vTaskPlaceOnEventList
 .text.vTaskPlaceOnEventListRestricted
                0x0000000008002274       0x48 ./freertos/freertos_kernel/tasks.o
                0x0000000008002274                vTaskPlaceOnEventListRestricted
 .text.xTaskRemoveFromEventList
                0x00000000080022bc       0xb8 ./freertos/freertos_kernel/tasks.o
                0x00000000080022bc                xTaskRemoveFromEventList
 .text.vTaskInternalSetTimeOutState
                0x0000000008002374       0x2c ./freertos/freertos_kernel/tasks.o
                0x0000000008002374                vTaskInternalSetTimeOutState
 .text.xTaskCheckForTimeOut
                0x00000000080023a0       0xac ./freertos/freertos_kernel/tasks.o
                0x00000000080023a0                xTaskCheckForTimeOut
 .text.vTaskMissedYield
                0x000000000800244c       0x18 ./freertos/freertos_kernel/tasks.o
                0x000000000800244c                vTaskMissedYield
 .text.prvIdleTask
                0x0000000008002464       0x20 ./freertos/freertos_kernel/tasks.o
 .text.prvInitialiseTaskLists
                0x0000000008002484       0x80 ./freertos/freertos_kernel/tasks.o
 .text.prvCheckTasksWaitingTermination
                0x0000000008002504       0x5c ./freertos/freertos_kernel/tasks.o
 .text.prvResetNextTaskUnblockTime
                0x0000000008002560       0x38 ./freertos/freertos_kernel/tasks.o
 .text.xTaskGetSchedulerState
                0x0000000008002598       0x3c ./freertos/freertos_kernel/tasks.o
                0x0000000008002598                xTaskGetSchedulerState
 .text.xTaskPriorityInherit
                0x00000000080025d4       0xd0 ./freertos/freertos_kernel/tasks.o
                0x00000000080025d4                xTaskPriorityInherit
 .text.xTaskPriorityDisinherit
                0x00000000080026a4       0xbc ./freertos/freertos_kernel/tasks.o
                0x00000000080026a4                xTaskPriorityDisinherit
 .text.vTaskPriorityDisinheritAfterTimeout
                0x0000000008002760       0xe4 ./freertos/freertos_kernel/tasks.o
                0x0000000008002760                vTaskPriorityDisinheritAfterTimeout
 .text.pvTaskIncrementMutexHeldCount
                0x0000000008002844       0x28 ./freertos/freertos_kernel/tasks.o
                0x0000000008002844                pvTaskIncrementMutexHeldCount
 .text.prvAddCurrentTaskToDelayedList
                0x000000000800286c       0xa8 ./freertos/freertos_kernel/tasks.o
 .text.xTimerCreateTimerTask
                0x0000000008002914       0x54 ./freertos/freertos_kernel/timers.o
                0x0000000008002914                xTimerCreateTimerTask
 .text.xTimerGenericCommand
                0x0000000008002968       0x8c ./freertos/freertos_kernel/timers.o
                0x0000000008002968                xTimerGenericCommand
 .text.prvProcessExpiredTimer
                0x00000000080029f4       0x88 ./freertos/freertos_kernel/timers.o
 .text.prvProcessTimerOrBlockTask
                0x0000000008002a7c       0x8c ./freertos/freertos_kernel/timers.o
 .text.prvGetNextExpireTime
                0x0000000008002b08       0x48 ./freertos/freertos_kernel/timers.o
 .text.prvSampleTimeNow
                0x0000000008002b50       0x40 ./freertos/freertos_kernel/timers.o
 .text.prvInsertTimerInActiveList
                0x0000000008002b90       0x84 ./freertos/freertos_kernel/timers.o
 .text.prvProcessReceivedCommands
                0x0000000008002c14      0x194 ./freertos/freertos_kernel/timers.o
 .text.prvSwitchTimerLists
                0x0000000008002da8       0xb8 ./freertos/freertos_kernel/timers.o
 .text.prvCheckForValidListAndQueue
                0x0000000008002e60       0x6c ./freertos/freertos_kernel/timers.o
 .text.CLOCK_GetXtalInClkFreq
                0x0000000008002ecc       0x3c ./drivers/fsl_clock.o
 .text.CLOCK_GetLpOscFreq
                0x0000000008002f08       0x14 ./drivers/fsl_clock.o
 .text.CLOCK_GetOsc32KFreq
                0x0000000008002f1c       0x28 ./drivers/fsl_clock.o
 .text.CLOCK_AttachClk
                0x0000000008002f44       0xb0 ./drivers/fsl_clock.o
                0x0000000008002f44                CLOCK_AttachClk
 .text.CLOCK_GetSysPllFreq
                0x0000000008002ff4      0x10c ./drivers/fsl_clock.o
                0x0000000008002ff4                CLOCK_GetSysPllFreq
 .text.CLOCK_GetSysPfdFreq
                0x0000000008003100      0x23c ./drivers/fsl_clock.o
                0x0000000008003100                CLOCK_GetSysPfdFreq
 .text.CLOCK_GetMainPllClkFreq
                0x000000000800333c       0x24 ./drivers/fsl_clock.o
 .text.CLOCK_GetAudioPllFreq
                0x0000000008003360      0x10c ./drivers/fsl_clock.o
                0x0000000008003360                CLOCK_GetAudioPllFreq
 .text.CLOCK_GetAudioPfdFreq
                0x000000000800346c      0x23c ./drivers/fsl_clock.o
                0x000000000800346c                CLOCK_GetAudioPfdFreq
 .text.CLOCK_GetAudioPllClkFreq
                0x00000000080036a8       0x24 ./drivers/fsl_clock.o
 .text.CLOCK_GetFroDivFreq
                0x00000000080036cc      0x1ac ./drivers/fsl_clock.o
 .text.CLOCK_GetMainClkFreq
                0x0000000008003878       0xec ./drivers/fsl_clock.o
                0x0000000008003878                CLOCK_GetMainClkFreq
 .text.CLOCK_GetFRGClock
                0x0000000008003964      0x194 ./drivers/fsl_clock.o
                0x0000000008003964                CLOCK_GetFRGClock
 .text.CLOCK_GetFlexcommClkFreq
                0x0000000008003af8       0xe4 ./drivers/fsl_clock.o
                0x0000000008003af8                CLOCK_GetFlexcommClkFreq
 .text.CLOCK_SetFRGClock
                0x0000000008003bdc       0x94 ./drivers/fsl_clock.o
                0x0000000008003bdc                CLOCK_SetFRGClock
 .text.CLOCK_InitSysPll
                0x0000000008003c70      0x194 ./drivers/fsl_clock.o
                0x0000000008003c70                CLOCK_InitSysPll
 .text.CLOCK_InitSysPfd
                0x0000000008003e04       0x94 ./drivers/fsl_clock.o
                0x0000000008003e04                CLOCK_InitSysPfd
 .text.CLOCK_InitAudioPll
                0x0000000008003e98      0x194 ./drivers/fsl_clock.o
                0x0000000008003e98                CLOCK_InitAudioPll
 .text.CLOCK_InitAudioPfd
                0x000000000800402c       0x94 ./drivers/fsl_clock.o
                0x000000000800402c                CLOCK_InitAudioPfd
 .text.CLOCK_EnableSysOscClk
                0x00000000080040c0       0x5c ./drivers/fsl_clock.o
                0x00000000080040c0                CLOCK_EnableSysOscClk
 .text.CLOCK_EnableFroClk
                0x000000000800411c       0x3c ./drivers/fsl_clock.o
                0x000000000800411c                CLOCK_EnableFroClk
 .text.CLOCK_EnableLpOscClk
                0x0000000008004158       0x20 ./drivers/fsl_clock.o
                0x0000000008004158                CLOCK_EnableLpOscClk
 .text.SDK_DelayAtLeastUs
                0x0000000008004178       0x8c ./drivers/fsl_common_arm.o
                0x0000000008004178                SDK_DelayAtLeastUs
 .text.CLOCK_EnableClock
                0x0000000008004204       0xb4 ./drivers/fsl_flexcomm.o
 .text.FLEXCOMM_GetInstance
                0x00000000080042b8       0x50 ./drivers/fsl_flexcomm.o
                0x00000000080042b8                FLEXCOMM_GetInstance
 .text.FLEXCOMM_Init
                0x0000000008004308       0x50 ./drivers/fsl_flexcomm.o
                0x0000000008004308                FLEXCOMM_Init
 .text.FLEXCOMM0_DriverIRQHandler
                0x0000000008004358       0x5c ./drivers/fsl_flexcomm.o
                0x0000000008004358                FLEXCOMM0_DriverIRQHandler
 .text.FLEXCOMM1_DriverIRQHandler
                0x00000000080043b4       0x5c ./drivers/fsl_flexcomm.o
                0x00000000080043b4                FLEXCOMM1_DriverIRQHandler
 .text.FLEXCOMM2_DriverIRQHandler
                0x0000000008004410       0x5c ./drivers/fsl_flexcomm.o
                0x0000000008004410                FLEXCOMM2_DriverIRQHandler
 .text.FLEXCOMM3_DriverIRQHandler
                0x000000000800446c       0x5c ./drivers/fsl_flexcomm.o
                0x000000000800446c                FLEXCOMM3_DriverIRQHandler
 .text.FLEXCOMM4_DriverIRQHandler
                0x00000000080044c8       0x5c ./drivers/fsl_flexcomm.o
                0x00000000080044c8                FLEXCOMM4_DriverIRQHandler
 .text.FLEXCOMM5_DriverIRQHandler
                0x0000000008004524       0x5c ./drivers/fsl_flexcomm.o
                0x0000000008004524                FLEXCOMM5_DriverIRQHandler
 .text.FLEXCOMM6_DriverIRQHandler
                0x0000000008004580       0x5c ./drivers/fsl_flexcomm.o
                0x0000000008004580                FLEXCOMM6_DriverIRQHandler
 .text.FLEXCOMM7_DriverIRQHandler
                0x00000000080045dc       0x5c ./drivers/fsl_flexcomm.o
                0x00000000080045dc                FLEXCOMM7_DriverIRQHandler
 .text.FLEXCOMM8_DriverIRQHandler
                0x0000000008004638       0x5c ./drivers/fsl_flexcomm.o
                0x0000000008004638                FLEXCOMM8_DriverIRQHandler
 .text.FLEXCOMM9_DriverIRQHandler
                0x0000000008004694       0x5c ./drivers/fsl_flexcomm.o
                0x0000000008004694                FLEXCOMM9_DriverIRQHandler
 .text.FLEXCOMM10_DriverIRQHandler
                0x00000000080046f0       0x5c ./drivers/fsl_flexcomm.o
                0x00000000080046f0                FLEXCOMM10_DriverIRQHandler
 .text.FLEXCOMM11_DriverIRQHandler
                0x000000000800474c       0x5c ./drivers/fsl_flexcomm.o
                0x000000000800474c                FLEXCOMM11_DriverIRQHandler
 .text.FLEXCOMM12_DriverIRQHandler
                0x00000000080047a8       0x5c ./drivers/fsl_flexcomm.o
                0x00000000080047a8                FLEXCOMM12_DriverIRQHandler
 .text.FLEXCOMM13_DriverIRQHandler
                0x0000000008004804       0x5c ./drivers/fsl_flexcomm.o
                0x0000000008004804                FLEXCOMM13_DriverIRQHandler
 .text.FLEXCOMM14_DriverIRQHandler
                0x0000000008004860       0x5c ./drivers/fsl_flexcomm.o
                0x0000000008004860                FLEXCOMM14_DriverIRQHandler
 .text.FLEXCOMM15_DriverIRQHandler
                0x00000000080048bc       0x5c ./drivers/fsl_flexcomm.o
                0x00000000080048bc                FLEXCOMM15_DriverIRQHandler
 .text.FLEXCOMM16_DriverIRQHandler
                0x0000000008004918       0x5c ./drivers/fsl_flexcomm.o
                0x0000000008004918                FLEXCOMM16_DriverIRQHandler
 .text.FLEXSPI0_FLEXSPI1_DriverIRQHandler
                0x0000000008004974       0x44 ./drivers/fsl_flexspi.o
                0x0000000008004974                FLEXSPI0_FLEXSPI1_DriverIRQHandler
 .text.__NVIC_EnableIRQ
                0x00000000080049b8       0x3c ./drivers/fsl_power.o
 .text.__NVIC_GetEnableIRQ
                0x00000000080049f4       0x40 ./drivers/fsl_power.o
 .text.__NVIC_DisableIRQ
                0x0000000008004a34       0x48 ./drivers/fsl_power.o
 .text.__NVIC_ClearPendingIRQ
                0x0000000008004a7c       0x3c ./drivers/fsl_power.o
 .text.POWER_EnableDeepSleep
                0x0000000008004ab8       0x20 ./drivers/fsl_power.o
 .text.POWER_UpdateOscSettlingTime
                0x0000000008004ad8       0x20 ./drivers/fsl_power.o
                0x0000000008004ad8                POWER_UpdateOscSettlingTime
 .text.POWER_DisablePD
                0x0000000008004af8       0x48 ./drivers/fsl_power.o
                0x0000000008004af8                POWER_DisablePD
 .text.POWER_ApplyPD
                0x0000000008004b40       0x54 ./drivers/fsl_power.o
                0x0000000008004b40                POWER_ApplyPD
 .text.POWER_EnterDeepPowerDown
                0x0000000008004b94       0xb4 ./drivers/fsl_power.o
                0x0000000008004b94                POWER_EnterDeepPowerDown
 .text.POWER_SetDeepSleepClock
                0x0000000008004c48       0x20 ./drivers/fsl_power.o
                0x0000000008004c48                POWER_SetDeepSleepClock
 .text.RESET_SetPeripheralReset
                0x0000000008004c68       0xf8 ./drivers/fsl_reset.o
                0x0000000008004c68                RESET_SetPeripheralReset
 .text.RESET_ClearPeripheralReset
                0x0000000008004d60      0x104 ./drivers/fsl_reset.o
                0x0000000008004d60                RESET_ClearPeripheralReset
 .text.USART_Init
                0x0000000008004e64      0x1cc ./drivers/fsl_usart.o
                0x0000000008004e64                USART_Init
 .text.USART_GetDefaultConfig
                0x0000000008005030       0x80 ./drivers/fsl_usart.o
                0x0000000008005030                USART_GetDefaultConfig
 .text.USART_SetBaudRate
                0x00000000080050b0      0x174 ./drivers/fsl_usart.o
                0x00000000080050b0                USART_SetBaudRate
 .text.USART_WriteBlocking
                0x0000000008005224       0x8c ./drivers/fsl_usart.o
                0x0000000008005224                USART_WriteBlocking
 .text.getFroDivClk
                0x00000000080052b0      0x1ac ./device/system_MIMXRT595S_cm33.o
 .text.SystemInit
                0x000000000800545c       0xe0 ./device/system_MIMXRT595S_cm33.o
                0x000000000800545c                SystemInit
 .text.SystemCoreClockUpdate
                0x000000000800553c      0x298 ./device/system_MIMXRT595S_cm33.o
                0x000000000800553c                SystemCoreClockUpdate
 .text.HAL_UartInitCommon
                0x00000000080057d4      0x110 ./component/uart/fsl_adapter_usart.o
 .text.HAL_UartSendBlocking
                0x00000000080058e4       0x64 ./component/uart/fsl_adapter_usart.o
                0x00000000080058e4                HAL_UartSendBlocking
 .text.BOARD_InitDebugConsole
                0x0000000008005948       0x40 ./board/board.o
                0x0000000008005948                BOARD_InitDebugConsole
 .text.BOARD_FlexspiClockSafeConfig
                0x0000000008005988       0x18 ./board/board.o
                0x0000000008005988                BOARD_FlexspiClockSafeConfig
 .text.CLOCK_SetXtalFreq
                0x00000000080059a0       0x20 ./board/clock_config.o
 .text.BOARD_BootClockRUN
                0x00000000080059c0      0x10c ./board/clock_config.o
                0x00000000080059c0                BOARD_BootClockRUN
 .text._initio  0x0000000008005acc       0x78 /Applications/MCUXpressoIDE_11.6.1_8255/ide/plugins/com.nxp.mcuxpresso.tools.macosx_11.6.1.202207200623/tools/bin/../lib/gcc/arm-none-eabi/10.3.1/../../../../arm-none-eabi/lib/thumb/v8-m.main+fp/hard/libcr_c.a(initio.o)
                0x0000000008005acc                _initio
 .text._Cwritebuf
                0x0000000008005b44       0x6c /Applications/MCUXpressoIDE_11.6.1_8255/ide/plugins/com.nxp.mcuxpresso.tools.macosx_11.6.1.202207200623/tools/bin/../lib/gcc/arm-none-eabi/10.3.1/../../../../arm-none-eabi/lib/thumb/v8-m.main+fp/hard/libcr_c.a(_writebuf.o)
                0x0000000008005b44                _Cwritebuf
 .text.fflush   0x0000000008005bb0       0x3c /Applications/MCUXpressoIDE_11.6.1_8255/ide/plugins/com.nxp.mcuxpresso.tools.macosx_11.6.1.202207200623/tools/bin/../lib/gcc/arm-none-eabi/10.3.1/../../../../arm-none-eabi/lib/thumb/v8-m.main+fp/hard/libcr_c.a(fflush.o)
                0x0000000008005bb0                fflush
 .text.fseek    0x0000000008005bec       0xfc /Applications/MCUXpressoIDE_11.6.1_8255/ide/plugins/com.nxp.mcuxpresso.tools.macosx_11.6.1.202207200623/tools/bin/../lib/gcc/arm-none-eabi/10.3.1/../../../../arm-none-eabi/lib/thumb/v8-m.main+fp/hard/libcr_c.a(fseek.o)
                0x0000000008005bec                fseek
 .text.ftell    0x0000000008005ce8       0x44 /Applications/MCUXpressoIDE_11.6.1_8255/ide/plugins/com.nxp.mcuxpresso.tools.macosx_11.6.1.202207200623/tools/bin/../lib/gcc/arm-none-eabi/10.3.1/../../../../arm-none-eabi/lib/thumb/v8-m.main+fp/hard/libcr_c.a(ftell.o)
                0x0000000008005ce8                ftell
 .text.DbgConsole_PrintCallback
                0x0000000008005d2c       0x66 ./utilities/fsl_debug_console.o
 .text.DbgConsole_Printf
                0x0000000008005d92       0x2c ./utilities/fsl_debug_console.o
                0x0000000008005d92                DbgConsole_Printf
 .text.PrintGetWidth
                0x0000000008005dbe       0x6a ./utilities/fsl_str.o
 .text.PrintGetPrecision
                0x0000000008005e28       0x8c ./utilities/fsl_str.o
 .text.PrintIsobpu
                0x0000000008005eb4       0x38 ./utilities/fsl_str.o
 .text.PrintIsdi
                0x0000000008005eec       0x2c ./utilities/fsl_str.o
 .text.PrintOutputdifFobpu
                0x0000000008005f18       0x44 ./utilities/fsl_str.o
 .text.PrintOutputxX
                0x0000000008005f5c       0x44 ./utilities/fsl_str.o
 .text.PrintIsfF
                0x0000000008005fa0       0x2c ./utilities/fsl_str.o
 .text.PrintIsxX
                0x0000000008005fcc       0x2c ./utilities/fsl_str.o
 .text.PrintFilterLengthFlag
                0x0000000008005ff8       0x3e ./utilities/fsl_str.o
 .text.PrintGetRadixFromobpu
                0x0000000008006036       0x40 ./utilities/fsl_str.o
 .text.ConvertRadixNumToString
                0x0000000008006076       0xc2 ./utilities/fsl_str.o
 .text.StrFormatPrintf
                0x0000000008006138      0x2ac ./utilities/fsl_str.o
                0x0000000008006138                StrFormatPrintf
 .text.WDT0_IRQHandler
                0x00000000080063e4        0x8 ./startup/startup_mimxrt595s_cm33.o
                0x00000000080063e4                WDT0_IRQHandler
 .text.DMA0_IRQHandler
                0x00000000080063ec        0x8 ./startup/startup_mimxrt595s_cm33.o
                0x00000000080063ec                DMA0_IRQHandler
 .text.GPIO_INTA_IRQHandler
                0x00000000080063f4        0x8 ./startup/startup_mimxrt595s_cm33.o
                0x00000000080063f4                GPIO_INTA_IRQHandler
 .text.GPIO_INTB_IRQHandler
                0x00000000080063fc        0x8 ./startup/startup_mimxrt595s_cm33.o
                0x00000000080063fc                GPIO_INTB_IRQHandler
 .text.PIN_INT0_IRQHandler
                0x0000000008006404        0x8 ./startup/startup_mimxrt595s_cm33.o
                0x0000000008006404                PIN_INT0_IRQHandler
 .text.PIN_INT1_IRQHandler
                0x000000000800640c        0x8 ./startup/startup_mimxrt595s_cm33.o
                0x000000000800640c                PIN_INT1_IRQHandler
 .text.PIN_INT2_IRQHandler
                0x0000000008006414        0x8 ./startup/startup_mimxrt595s_cm33.o
                0x0000000008006414                PIN_INT2_IRQHandler
 .text.PIN_INT3_IRQHandler
                0x000000000800641c        0x8 ./startup/startup_mimxrt595s_cm33.o
                0x000000000800641c                PIN_INT3_IRQHandler
 .text.UTICK0_IRQHandler
                0x0000000008006424        0x8 ./startup/startup_mimxrt595s_cm33.o
                0x0000000008006424                UTICK0_IRQHandler
 .text.MRT0_IRQHandler
                0x000000000800642c        0x8 ./startup/startup_mimxrt595s_cm33.o
                0x000000000800642c                MRT0_IRQHandler
 .text.CTIMER0_IRQHandler
                0x0000000008006434        0x8 ./startup/startup_mimxrt595s_cm33.o
                0x0000000008006434                CTIMER0_IRQHandler
 .text.CTIMER1_IRQHandler
                0x000000000800643c        0x8 ./startup/startup_mimxrt595s_cm33.o
                0x000000000800643c                CTIMER1_IRQHandler
 .text.SCT0_IRQHandler
                0x0000000008006444        0x8 ./startup/startup_mimxrt595s_cm33.o
                0x0000000008006444                SCT0_IRQHandler
 .text.CTIMER3_IRQHandler
                0x000000000800644c        0x8 ./startup/startup_mimxrt595s_cm33.o
                0x000000000800644c                CTIMER3_IRQHandler
 .text.FLEXCOMM0_IRQHandler
                0x0000000008006454        0x8 ./startup/startup_mimxrt595s_cm33.o
                0x0000000008006454                FLEXCOMM0_IRQHandler
 .text.FLEXCOMM1_IRQHandler
                0x000000000800645c        0x8 ./startup/startup_mimxrt595s_cm33.o
                0x000000000800645c                FLEXCOMM1_IRQHandler
 .text.FLEXCOMM2_IRQHandler
                0x0000000008006464        0x8 ./startup/startup_mimxrt595s_cm33.o
                0x0000000008006464                FLEXCOMM2_IRQHandler
 .text.FLEXCOMM3_IRQHandler
                0x000000000800646c        0x8 ./startup/startup_mimxrt595s_cm33.o
                0x000000000800646c                FLEXCOMM3_IRQHandler
 .text.FLEXCOMM4_IRQHandler
                0x0000000008006474        0x8 ./startup/startup_mimxrt595s_cm33.o
                0x0000000008006474                FLEXCOMM4_IRQHandler
 .text.FLEXCOMM5_IRQHandler
                0x000000000800647c        0x8 ./startup/startup_mimxrt595s_cm33.o
                0x000000000800647c                FLEXCOMM5_IRQHandler
 .text.FLEXCOMM14_IRQHandler
                0x0000000008006484        0x8 ./startup/startup_mimxrt595s_cm33.o
                0x0000000008006484                FLEXCOMM14_IRQHandler
 .text.FLEXCOMM15_IRQHandler
                0x000000000800648c        0x8 ./startup/startup_mimxrt595s_cm33.o
                0x000000000800648c                FLEXCOMM15_IRQHandler
 .text.ADC0_IRQHandler
                0x0000000008006494        0x8 ./startup/startup_mimxrt595s_cm33.o
                0x0000000008006494                ADC0_IRQHandler
 .text.Reserved39_IRQHandler
                0x000000000800649c        0x8 ./startup/startup_mimxrt595s_cm33.o
                0x000000000800649c                Reserved39_IRQHandler
 .text.ACMP_IRQHandler
                0x00000000080064a4        0x8 ./startup/startup_mimxrt595s_cm33.o
                0x00000000080064a4                ACMP_IRQHandler
 .text.DMIC0_IRQHandler
                0x00000000080064ac        0x8 ./startup/startup_mimxrt595s_cm33.o
                0x00000000080064ac                DMIC0_IRQHandler
 .text.Reserved42_IRQHandler
                0x00000000080064b4        0x8 ./startup/startup_mimxrt595s_cm33.o
                0x00000000080064b4                Reserved42_IRQHandler
 .text.HYPERVISOR_IRQHandler
                0x00000000080064bc        0x8 ./startup/startup_mimxrt595s_cm33.o
                0x00000000080064bc                HYPERVISOR_IRQHandler
 .text.SECURE_VIOLATION_IRQHandler
                0x00000000080064c4        0x8 ./startup/startup_mimxrt595s_cm33.o
                0x00000000080064c4                SECURE_VIOLATION_IRQHandler
 .text.HWVAD0_IRQHandler
                0x00000000080064cc        0x8 ./startup/startup_mimxrt595s_cm33.o
                0x00000000080064cc                HWVAD0_IRQHandler
 .text.Reserved46_IRQHandler
                0x00000000080064d4        0x8 ./startup/startup_mimxrt595s_cm33.o
                0x00000000080064d4                Reserved46_IRQHandler
 .text.RNG_IRQHandler
                0x00000000080064dc        0x8 ./startup/startup_mimxrt595s_cm33.o
                0x00000000080064dc                RNG_IRQHandler
 .text.RTC_IRQHandler
                0x00000000080064e4        0x8 ./startup/startup_mimxrt595s_cm33.o
                0x00000000080064e4                RTC_IRQHandler
 .text.DSP_TIE_EXPSTATE1_IRQHandler
                0x00000000080064ec        0x8 ./startup/startup_mimxrt595s_cm33.o
                0x00000000080064ec                DSP_TIE_EXPSTATE1_IRQHandler
 .text.MU_A_IRQHandler
                0x00000000080064f4        0x8 ./startup/startup_mimxrt595s_cm33.o
                0x00000000080064f4                MU_A_IRQHandler
 .text.PIN_INT4_IRQHandler
                0x00000000080064fc        0x8 ./startup/startup_mimxrt595s_cm33.o
                0x00000000080064fc                PIN_INT4_IRQHandler
 .text.PIN_INT5_IRQHandler
                0x0000000008006504        0x8 ./startup/startup_mimxrt595s_cm33.o
                0x0000000008006504                PIN_INT5_IRQHandler
 .text.PIN_INT6_IRQHandler
                0x000000000800650c        0x8 ./startup/startup_mimxrt595s_cm33.o
                0x000000000800650c                PIN_INT6_IRQHandler
 .text.PIN_INT7_IRQHandler
                0x0000000008006514        0x8 ./startup/startup_mimxrt595s_cm33.o
                0x0000000008006514                PIN_INT7_IRQHandler
 .text.CTIMER2_IRQHandler
                0x000000000800651c        0x8 ./startup/startup_mimxrt595s_cm33.o
                0x000000000800651c                CTIMER2_IRQHandler
 .text.CTIMER4_IRQHandler
                0x0000000008006524        0x8 ./startup/startup_mimxrt595s_cm33.o
                0x0000000008006524                CTIMER4_IRQHandler
 .text.OS_EVENT_IRQHandler
                0x000000000800652c        0x8 ./startup/startup_mimxrt595s_cm33.o
                0x000000000800652c                OS_EVENT_IRQHandler
 .text.FLEXSPI0_FLEXSPI1_IRQHandler
                0x0000000008006534        0x8 ./startup/startup_mimxrt595s_cm33.o
                0x0000000008006534                FLEXSPI0_FLEXSPI1_IRQHandler
 .text.FLEXCOMM6_IRQHandler
                0x000000000800653c        0x8 ./startup/startup_mimxrt595s_cm33.o
                0x000000000800653c                FLEXCOMM6_IRQHandler
 .text.FLEXCOMM7_IRQHandler
                0x0000000008006544        0x8 ./startup/startup_mimxrt595s_cm33.o
                0x0000000008006544                FLEXCOMM7_IRQHandler
 .text.USDHC0_IRQHandler
                0x000000000800654c        0x8 ./startup/startup_mimxrt595s_cm33.o
                0x000000000800654c                USDHC0_IRQHandler
 .text.USDHC1_IRQHandler
                0x0000000008006554        0x8 ./startup/startup_mimxrt595s_cm33.o
                0x0000000008006554                USDHC1_IRQHandler
 .text.SGPIO_INTA_IRQHandler
                0x000000000800655c        0x8 ./startup/startup_mimxrt595s_cm33.o
                0x000000000800655c                SGPIO_INTA_IRQHandler
 .text.SGPIO_INTB_IRQHandler
                0x0000000008006564        0x8 ./startup/startup_mimxrt595s_cm33.o
                0x0000000008006564                SGPIO_INTB_IRQHandler
 .text.I3C0_IRQHandler
                0x000000000800656c        0x8 ./startup/startup_mimxrt595s_cm33.o
                0x000000000800656c                I3C0_IRQHandler
 .text.USB0_IRQHandler
                0x0000000008006574        0x8 ./startup/startup_mimxrt595s_cm33.o
                0x0000000008006574                USB0_IRQHandler
 .text.USB0_NEEDCLK_IRQHandler
                0x000000000800657c        0x8 ./startup/startup_mimxrt595s_cm33.o
                0x000000000800657c                USB0_NEEDCLK_IRQHandler
 .text.WDT1_IRQHandler
                0x0000000008006584        0x8 ./startup/startup_mimxrt595s_cm33.o
                0x0000000008006584                WDT1_IRQHandler
 .text.USB_PHYDCD_IRQHandler
                0x000000000800658c        0x8 ./startup/startup_mimxrt595s_cm33.o
                0x000000000800658c                USB_PHYDCD_IRQHandler
 .text.DMA1_IRQHandler
                0x0000000008006594        0x8 ./startup/startup_mimxrt595s_cm33.o
                0x0000000008006594                DMA1_IRQHandler
 .text.PUF_IRQHandler
                0x000000000800659c        0x8 ./startup/startup_mimxrt595s_cm33.o
                0x000000000800659c                PUF_IRQHandler
 .text.POWERQUAD_IRQHandler
                0x00000000080065a4        0x8 ./startup/startup_mimxrt595s_cm33.o
                0x00000000080065a4                POWERQUAD_IRQHandler
 .text.CASPER_IRQHandler
                0x00000000080065ac        0x8 ./startup/startup_mimxrt595s_cm33.o
                0x00000000080065ac                CASPER_IRQHandler
 .text.PMU_PMIC_IRQHandler
                0x00000000080065b4        0x8 ./startup/startup_mimxrt595s_cm33.o
                0x00000000080065b4                PMU_PMIC_IRQHandler
 .text.HASHCRYPT_IRQHandler
                0x00000000080065bc        0x8 ./startup/startup_mimxrt595s_cm33.o
                0x00000000080065bc                HASHCRYPT_IRQHandler
 .text.FLEXCOMM8_IRQHandler
                0x00000000080065c4        0x8 ./startup/startup_mimxrt595s_cm33.o
                0x00000000080065c4                FLEXCOMM8_IRQHandler
 .text.FLEXCOMM9_IRQHandler
                0x00000000080065cc        0x8 ./startup/startup_mimxrt595s_cm33.o
                0x00000000080065cc                FLEXCOMM9_IRQHandler
 .text.FLEXCOMM10_IRQHandler
                0x00000000080065d4        0x8 ./startup/startup_mimxrt595s_cm33.o
                0x00000000080065d4                FLEXCOMM10_IRQHandler
 .text.FLEXCOMM11_IRQHandler
                0x00000000080065dc        0x8 ./startup/startup_mimxrt595s_cm33.o
                0x00000000080065dc                FLEXCOMM11_IRQHandler
 .text.FLEXCOMM12_IRQHandler
                0x00000000080065e4        0x8 ./startup/startup_mimxrt595s_cm33.o
                0x00000000080065e4                FLEXCOMM12_IRQHandler
 .text.FLEXCOMM13_IRQHandler
                0x00000000080065ec        0x8 ./startup/startup_mimxrt595s_cm33.o
                0x00000000080065ec                FLEXCOMM13_IRQHandler
 .text.FLEXCOMM16_IRQHandler
                0x00000000080065f4        0x8 ./startup/startup_mimxrt595s_cm33.o
                0x00000000080065f4                FLEXCOMM16_IRQHandler
 .text.I3C1_IRQHandler
                0x00000000080065fc        0x8 ./startup/startup_mimxrt595s_cm33.o
                0x00000000080065fc                I3C1_IRQHandler
 .text.FLEXIO_IRQHandler
                0x0000000008006604        0x8 ./startup/startup_mimxrt595s_cm33.o
                0x0000000008006604                FLEXIO_IRQHandler
 .text.LCDIF_IRQHandler
                0x000000000800660c        0x8 ./startup/startup_mimxrt595s_cm33.o
                0x000000000800660c                LCDIF_IRQHandler
 .text.GPU_IRQHandler
                0x0000000008006614        0x8 ./startup/startup_mimxrt595s_cm33.o
                0x0000000008006614                GPU_IRQHandler
 .text.MIPI_IRQHandler
                0x000000000800661c        0x8 ./startup/startup_mimxrt595s_cm33.o
                0x000000000800661c                MIPI_IRQHandler
 .text.Reserved88_IRQHandler
                0x0000000008006624        0x8 ./startup/startup_mimxrt595s_cm33.o
                0x0000000008006624                Reserved88_IRQHandler
 .text.SDMA_IRQHandler
                0x000000000800662c        0x8 ./startup/startup_mimxrt595s_cm33.o
                0x000000000800662c                SDMA_IRQHandler
 .text.HardFault_Handler
                0x0000000008006634       0x2c ./source/semihost_hardfault.o
                0x0000000008006634                HardFault_Handler
 .text.vPortSVCHandler_C
                0x0000000008006660       0x34 ./freertos/freertos_kernel/portable/GCC/ARM_CM33_NTZ/non_secure/port.o
                0x0000000008006660                vPortSVCHandler_C
 .text.ulSetInterruptMask
                0x0000000008006694       0x1a ./freertos/freertos_kernel/portable/GCC/ARM_CM33_NTZ/non_secure/portasm.o
                0x0000000008006694                ulSetInterruptMask
 .text.vClearInterruptMask
                0x00000000080066ae       0x10 ./freertos/freertos_kernel/portable/GCC/ARM_CM33_NTZ/non_secure/portasm.o
                0x00000000080066ae                vClearInterruptMask
 .text.vListInitialise
                0x00000000080066be       0x40 ./freertos/freertos_kernel/list.o
                0x00000000080066be                vListInitialise
 .text.vListInitialiseItem
                0x00000000080066fe       0x1a ./freertos/freertos_kernel/list.o
                0x00000000080066fe                vListInitialiseItem
 .text.vListInsertEnd
                0x0000000008006718       0x48 ./freertos/freertos_kernel/list.o
                0x0000000008006718                vListInsertEnd
 .text.vListInsert
                0x0000000008006760       0x72 ./freertos/freertos_kernel/list.o
                0x0000000008006760                vListInsert
 .text.uxListRemove
                0x00000000080067d2       0x54 ./freertos/freertos_kernel/list.o
                0x00000000080067d2                uxListRemove
 .text.xQueueGenericReset
                0x0000000008006826       0xb0 ./freertos/freertos_kernel/queue.o
                0x0000000008006826                xQueueGenericReset
 .text.xQueueGenericCreate
                0x00000000080068d6       0x8e ./freertos/freertos_kernel/queue.o
                0x00000000080068d6                xQueueGenericCreate
 .text.prvInitialiseNewQueue
                0x0000000008006964       0x46 ./freertos/freertos_kernel/queue.o
 .text.prvInitialiseMutex
                0x00000000080069aa       0x34 ./freertos/freertos_kernel/queue.o
 .text.xQueueCreateMutex
                0x00000000080069de       0x30 ./freertos/freertos_kernel/queue.o
                0x00000000080069de                xQueueCreateMutex
 .text.xQueueGenericSend
                0x0000000008006a0e      0x192 ./freertos/freertos_kernel/queue.o
                0x0000000008006a0e                xQueueGenericSend
 .text.xQueueGenericSendFromISR
                0x0000000008006ba0       0xf0 ./freertos/freertos_kernel/queue.o
                0x0000000008006ba0                xQueueGenericSendFromISR
 .text.xQueueReceive
                0x0000000008006c90      0x172 ./freertos/freertos_kernel/queue.o
                0x0000000008006c90                xQueueReceive
 .text.xQueueSemaphoreTake
                0x0000000008006e02      0x1be ./freertos/freertos_kernel/queue.o
                0x0000000008006e02                xQueueSemaphoreTake
 .text.prvGetDisinheritPriorityAfterTimeout
                0x0000000008006fc0       0x30 ./freertos/freertos_kernel/queue.o
 .text.prvCopyDataToQueue
                0x0000000008006ff0       0xd4 ./freertos/freertos_kernel/queue.o
 .text.prvCopyDataFromQueue
                0x00000000080070c4       0x4c ./freertos/freertos_kernel/queue.o
 .text.prvUnlockQueue
                0x0000000008007110       0xa4 ./freertos/freertos_kernel/queue.o
 .text.prvIsQueueEmpty
                0x00000000080071b4       0x2c ./freertos/freertos_kernel/queue.o
 .text.prvIsQueueFull
                0x00000000080071e0       0x30 ./freertos/freertos_kernel/queue.o
 .text.vQueueWaitForMessageRestricted
                0x0000000008007210       0x68 ./freertos/freertos_kernel/queue.o
                0x0000000008007210                vQueueWaitForMessageRestricted
 .text.xTaskCreate
                0x0000000008007278       0x82 ./freertos/freertos_kernel/tasks.o
                0x0000000008007278                xTaskCreate
 .text.prvInitialiseNewTask
                0x00000000080072fa      0x134 ./freertos/freertos_kernel/tasks.o
 .text.prvDeleteTCB
                0x000000000800742e       0x20 ./freertos/freertos_kernel/tasks.o
 .text.prvTimerTask
                0x000000000800744e       0x24 ./freertos/freertos_kernel/timers.o
 .text.CLOCK_SetClkDiv
                0x0000000008007472       0x78 ./drivers/fsl_clock.o
                0x0000000008007472                CLOCK_SetClkDiv
 .text.DelayLoop
                0x00000000080074ea       0x20 ./drivers/fsl_common_arm.o
 .text.FLEXCOMM_PeripheralIsPresent
                0x000000000800750a       0x64 ./drivers/fsl_flexcomm.o
 .text.FLEXCOMM_SetPeriph
                0x000000000800756e       0x74 ./drivers/fsl_flexcomm.o
 .text.DisableGlobalIRQ
                0x00000000080075e2       0x22 ./drivers/fsl_power.o
 .text.EnableGlobalIRQ
                0x0000000008007604       0x20 ./drivers/fsl_power.o
 .text.POWER_SetPmicMode
                0x0000000008007624       0x4e ./drivers/fsl_power.o
                0x0000000008007624                POWER_SetPmicMode
 .text.RESET_PeripheralReset
                0x0000000008007672       0x22 ./drivers/fsl_reset.o
                0x0000000008007672                RESET_PeripheralReset
 .text.USART_EnableContinuousSCLK
                0x0000000008007694       0x38 ./drivers/fsl_usart.o
 .text.SystemInitHook
                0x00000000080076cc        0xe ./device/system_MIMXRT595S_cm33.o
                0x00000000080076cc                SystemInitHook
 .text.HAL_UartGetStatus
                0x00000000080076da       0x22 ./component/uart/fsl_adapter_usart.o
 .text.HAL_UartInit
                0x00000000080076fc       0x36 ./component/uart/fsl_adapter_usart.o
                0x00000000080076fc                HAL_UartInit
 .text.DisableGlobalIRQ
                0x0000000008007732       0x22 ./component/serial_manager/fsl_component_serial_manager.o
 .text.EnableGlobalIRQ
                0x0000000008007754       0x20 ./component/serial_manager/fsl_component_serial_manager.o
 .text.SerialManager_StartWriting
                0x0000000008007774       0x38 ./component/serial_manager/fsl_component_serial_manager.o
 .text.SerialManager_Write
                0x00000000080077ac       0x44 ./component/serial_manager/fsl_component_serial_manager.o
 .text.SerialManager_Init
                0x00000000080077f0       0x60 ./component/serial_manager/fsl_component_serial_manager.o
                0x00000000080077f0                SerialManager_Init
 .text.SerialManager_OpenWriteHandle
                0x0000000008007850       0x50 ./component/serial_manager/fsl_component_serial_manager.o
                0x0000000008007850                SerialManager_OpenWriteHandle
 .text.SerialManager_OpenReadHandle
                0x00000000080078a0       0x60 ./component/serial_manager/fsl_component_serial_manager.o
                0x00000000080078a0                SerialManager_OpenReadHandle
 .text.SerialManager_WriteBlocking
                0x0000000008007900       0x20 ./component/serial_manager/fsl_component_serial_manager.o
                0x0000000008007900                SerialManager_WriteBlocking
 .text.Serial_UartInit
                0x0000000008007920       0x3e ./component/serial_manager/fsl_component_serial_port_uart.o
                0x0000000008007920                Serial_UartInit
 .text.Serial_UartWrite
                0x000000000800795e       0x38 ./component/serial_manager/fsl_component_serial_port_uart.o
                0x000000000800795e                Serial_UartWrite
 .text.IOPCTL_PinMuxSet
                0x0000000008007996       0x2e ./board/pin_mux.o
 .text.BOARD_InitPins
                0x00000000080079c4       0x32 ./board/pin_mux.o
                0x00000000080079c4                BOARD_InitPins
 .text.__main   0x00000000080079f6        0xe /Applications/MCUXpressoIDE_11.6.1_8255/ide/plugins/com.nxp.mcuxpresso.tools.macosx_11.6.1.202207200623/tools/bin/../lib/gcc/arm-none-eabi/10.3.1/../../../../arm-none-eabi/lib/thumb/v8-m.main+fp/hard/libcr_nohost_nf.a(_cr__main.o)
                0x00000000080079f6                __main
 .text.memcpy   0x0000000008007a04        0x4 /Applications/MCUXpressoIDE_11.6.1_8255/ide/plugins/com.nxp.mcuxpresso.tools.macosx_11.6.1.202207200623/tools/bin/../lib/gcc/arm-none-eabi/10.3.1/../../../../arm-none-eabi/lib/thumb/v8-m.main+fp/hard/libcr_c.a(memcpy.o)
                0x0000000008007a04                memcpy
 .text.memset   0x0000000008007a08        0x4 /Applications/MCUXpressoIDE_11.6.1_8255/ide/plugins/com.nxp.mcuxpresso.tools.macosx_11.6.1.202207200623/tools/bin/../lib/gcc/arm-none-eabi/10.3.1/../../../../arm-none-eabi/lib/thumb/v8-m.main+fp/hard/libcr_c.a(memset.o)
                0x0000000008007a08                memset
 .text.free     0x0000000008007a0c       0x30 /Applications/MCUXpressoIDE_11.6.1_8255/ide/plugins/com.nxp.mcuxpresso.tools.macosx_11.6.1.202207200623/tools/bin/../lib/gcc/arm-none-eabi/10.3.1/../../../../arm-none-eabi/lib/thumb/v8-m.main+fp/hard/libcr_c.a(alloc.o)
                0x0000000008007a0c                free
 .text.setvbuf  0x0000000008007a3c       0x3e /Applications/MCUXpressoIDE_11.6.1_8255/ide/plugins/com.nxp.mcuxpresso.tools.macosx_11.6.1.202207200623/tools/bin/../lib/gcc/arm-none-eabi/10.3.1/../../../../arm-none-eabi/lib/thumb/v8-m.main+fp/hard/libcr_c.a(setvbuf.o)
                0x0000000008007a3c                setvbuf
 .text.strlen   0x0000000008007a7a       0x48 /Applications/MCUXpressoIDE_11.6.1_8255/ide/plugins/com.nxp.mcuxpresso.tools.macosx_11.6.1.202207200623/tools/bin/../lib/gcc/arm-none-eabi/10.3.1/../../../../arm-none-eabi/lib/thumb/v8-m.main+fp/hard/libcr_c.a(strlen.o)
                0x0000000008007a7a                strlen
 .text._deferredlazyseek
                0x0000000008007ac2       0x40 /Applications/MCUXpressoIDE_11.6.1_8255/ide/plugins/com.nxp.mcuxpresso.tools.macosx_11.6.1.202207200623/tools/bin/../lib/gcc/arm-none-eabi/10.3.1/../../../../arm-none-eabi/lib/thumb/v8-m.main+fp/hard/libcr_c.a(_deferredlazyseek.o)
                0x0000000008007ac2                _deferredlazyseek
 .text._fdopen  0x0000000008007b02       0x68 /Applications/MCUXpressoIDE_11.6.1_8255/ide/plugins/com.nxp.mcuxpresso.tools.macosx_11.6.1.202207200623/tools/bin/../lib/gcc/arm-none-eabi/10.3.1/../../../../arm-none-eabi/lib/thumb/v8-m.main+fp/hard/libcr_c.a(_fdopen.o)
                0x0000000008007b02                _fdopen
 .text._fflush  0x0000000008007b6a       0x52 /Applications/MCUXpressoIDE_11.6.1_8255/ide/plugins/com.nxp.mcuxpresso.tools.macosx_11.6.1.202207200623/tools/bin/../lib/gcc/arm-none-eabi/10.3.1/../../../../arm-none-eabi/lib/thumb/v8-m.main+fp/hard/libcr_c.a(_fflush.o)
                0x0000000008007b6a                _fflush
 .text.fclose   0x0000000008007bbc       0x58 /Applications/MCUXpressoIDE_11.6.1_8255/ide/plugins/com.nxp.mcuxpresso.tools.macosx_11.6.1.202207200623/tools/bin/../lib/gcc/arm-none-eabi/10.3.1/../../../../arm-none-eabi/lib/thumb/v8-m.main+fp/hard/libcr_c.a(fclose.o)
                0x0000000008007bbc                fclose
 .text.remove   0x0000000008007c14       0x14 /Applications/MCUXpressoIDE_11.6.1_8255/ide/plugins/com.nxp.mcuxpresso.tools.macosx_11.6.1.202207200623/tools/bin/../lib/gcc/arm-none-eabi/10.3.1/../../../../arm-none-eabi/lib/thumb/v8-m.main+fp/hard/libcr_c.a(remove.o)
                0x0000000008007c14                remove
 .text._do_fflush
                0x0000000008007c28       0x40 /Applications/MCUXpressoIDE_11.6.1_8255/ide/plugins/com.nxp.mcuxpresso.tools.macosx_11.6.1.202207200623/tools/bin/../lib/gcc/arm-none-eabi/10.3.1/../../../../arm-none-eabi/lib/thumb/v8-m.main+fp/hard/libcr_c.a(_do_fflush.o)
                0x0000000008007c28                _do_fflush
 .text.__aeabi_division_uldivmod
                0x0000000008007c68      0x174 /Applications/MCUXpressoIDE_11.6.1_8255/ide/plugins/com.nxp.mcuxpresso.tools.macosx_11.6.1.202207200623/tools/bin/../lib/gcc/arm-none-eabi/10.3.1/thumb/v8-m.main+fp/hard/libcr_eabihelpers.a(division_64.o)
                0x0000000008007c68                __aeabi_uldivmod
                0x0000000008007c6c                __bhs_ldivmod1
 .text.__aeabi_division_idiv0
                0x0000000008007ddc        0x2 /Applications/MCUXpressoIDE_11.6.1_8255/ide/plugins/com.nxp.mcuxpresso.tools.macosx_11.6.1.202207200623/tools/bin/../lib/gcc/arm-none-eabi/10.3.1/thumb/v8-m.main+fp/hard/libcr_eabihelpers.a(division_idiv0.o)
                0x0000000008007ddc                __aeabi_idiv0
 .text.__aeabi_memcpy
                0x0000000008007dde       0x34 /Applications/MCUXpressoIDE_11.6.1_8255/ide/plugins/com.nxp.mcuxpresso.tools.macosx_11.6.1.202207200623/tools/bin/../lib/gcc/arm-none-eabi/10.3.1/thumb/v8-m.main+fp/hard/libcr_eabihelpers.a(memcpy.o)
                0x0000000008007dde                __aeabi_memcpy
                0x0000000008007de8                __aeabi_memcpy4
                0x0000000008007de8                __aeabi_memcpy8
 .text.__aeabi_memset_lowlevel
                0x0000000008007e12       0x32 /Applications/MCUXpressoIDE_11.6.1_8255/ide/plugins/com.nxp.mcuxpresso.tools.macosx_11.6.1.202207200623/tools/bin/../lib/gcc/arm-none-eabi/10.3.1/thumb/v8-m.main+fp/hard/libcr_eabihelpers.a(memcpy.o)
                0x0000000008007e12                __aeabi_lowlevel_memset
 .text.__sys_close
                0x0000000008007e44        0x6 /Applications/MCUXpressoIDE_11.6.1_8255/ide/plugins/com.nxp.mcuxpresso.tools.macosx_11.6.1.202207200623/tools/bin/../lib/gcc/arm-none-eabi/10.3.1/../../../../arm-none-eabi/lib/thumb/v8-m.main+fp/hard/libcr_nohost_nf.a(__sys_close.o)
                0x0000000008007e44                __sys_close
 .text.__sys_flen
                0x0000000008007e4a        0x6 /Applications/MCUXpressoIDE_11.6.1_8255/ide/plugins/com.nxp.mcuxpresso.tools.macosx_11.6.1.202207200623/tools/bin/../lib/gcc/arm-none-eabi/10.3.1/../../../../arm-none-eabi/lib/thumb/v8-m.main+fp/hard/libcr_nohost_nf.a(__sys_flen.o)
                0x0000000008007e4a                __sys_flen
 .text.__sys_istty
                0x0000000008007e50        0x6 /Applications/MCUXpressoIDE_11.6.1_8255/ide/plugins/com.nxp.mcuxpresso.tools.macosx_11.6.1.202207200623/tools/bin/../lib/gcc/arm-none-eabi/10.3.1/../../../../arm-none-eabi/lib/thumb/v8-m.main+fp/hard/libcr_nohost_nf.a(__sys_istty.o)
                0x0000000008007e50                __sys_istty
 .text.__sys_remove
                0x0000000008007e56        0x6 /Applications/MCUXpressoIDE_11.6.1_8255/ide/plugins/com.nxp.mcuxpresso.tools.macosx_11.6.1.202207200623/tools/bin/../lib/gcc/arm-none-eabi/10.3.1/../../../../arm-none-eabi/lib/thumb/v8-m.main+fp/hard/libcr_nohost_nf.a(__sys_remove.o)
                0x0000000008007e56                __sys_remove
 .text.__sys_seek
                0x0000000008007e5c        0x6 /Applications/MCUXpressoIDE_11.6.1_8255/ide/plugins/com.nxp.mcuxpresso.tools.macosx_11.6.1.202207200623/tools/bin/../lib/gcc/arm-none-eabi/10.3.1/../../../../arm-none-eabi/lib/thumb/v8-m.main+fp/hard/libcr_nohost_nf.a(__sys_seek.o)
                0x0000000008007e5c                __sys_seek
 .text.__sys_tmpnam
                0x0000000008007e62        0x6 /Applications/MCUXpressoIDE_11.6.1_8255/ide/plugins/com.nxp.mcuxpresso.tools.macosx_11.6.1.202207200623/tools/bin/../lib/gcc/arm-none-eabi/10.3.1/../../../../arm-none-eabi/lib/thumb/v8-m.main+fp/hard/libcr_nohost_nf.a(__sys_tmpnam.o)
                0x0000000008007e62                __sys_tmpnam
 .text.__sys_write
                0x0000000008007e68        0x4 /Applications/MCUXpressoIDE_11.6.1_8255/ide/plugins/com.nxp.mcuxpresso.tools.macosx_11.6.1.202207200623/tools/bin/../lib/gcc/arm-none-eabi/10.3.1/../../../../arm-none-eabi/lib/thumb/v8-m.main+fp/hard/libcr_nohost_nf.a(__sys_write.o)
                0x0000000008007e68                __sys_write
 *fill*         0x0000000008007e6c        0x4 ff
 .text.__sys_write.__stub
                0x0000000008007e70       0x10 linker stubs
 *freertos*/tasks.o(SORT_BY_ALIGNMENT(.rodata*))
 .rodata.vTaskStartScheduler.str1.4
                0x0000000008007e80        0x5 ./freertos/freertos_kernel/tasks.o
 *fill*         0x0000000008007e85        0x3 ff
 .rodata.str1.4
                0x0000000008007e88        0xb ./freertos/freertos_kernel/tasks.o
 *fill*         0x0000000008007e93        0x1 ff
 .rodata        0x0000000008007e94       0x1c ./freertos/freertos_kernel/tasks.o
                0x0000000008007e94                portArch_Name
                0x0000000008007e98                FreeRTOSDebugConfig
 *(SORT_BY_ALIGNMENT(.rodata) SORT_BY_ALIGNMENT(.rodata.*) SORT_BY_ALIGNMENT(.constdata) SORT_BY_ALIGNMENT(.constdata.*))
 .rodata.__assertion_failed.str1.4
                0x0000000008007eb0       0x14 ./utilities/fsl_assert.o
 .rodata.main.str1.4
                0x0000000008007ec4       0x39 ./source/freertos_mutex.o
 *fill*         0x0000000008007efd        0x3 ff
 .rodata.write_task_1.str1.4
                0x0000000008007f00       0x58 ./source/freertos_mutex.o
 .rodata.write_task_2.str1.4
                0x0000000008007f58       0x3c ./source/freertos_mutex.o
 .rodata.xTimerCreateTimerTask.str1.4
                0x0000000008007f94        0x8 ./freertos/freertos_kernel/timers.o
 .rodata.prvCheckForValidListAndQueue.str1.4
                0x0000000008007f9c        0x5 ./freertos/freertos_kernel/timers.o
 *fill*         0x0000000008007fa1        0x3 ff
 .rodata.CLOCK_GetSysPllFreq.str1.4
                0x0000000008007fa4       0x18 ./drivers/fsl_clock.o
 .rodata.CLOCK_GetFRGClock.str1.4
                0x0000000008007fbc       0x1c ./drivers/fsl_clock.o
 .rodata.CLOCK_GetFlexcommClkFreq.str1.4
                0x0000000008007fd8       0x1c ./drivers/fsl_clock.o
 .rodata.CLOCK_SetFRGClock.str1.4
                0x0000000008007ff4       0x47 ./drivers/fsl_clock.o
 *fill*         0x000000000800803b        0x1 ff
 .rodata.CLOCK_InitSysPll.str1.4
                0x000000000800803c       0x19 ./drivers/fsl_clock.o
 *fill*         0x0000000008008055        0x3 ff
 .rodata.CLOCK_InitAudioPll.str1.4
                0x0000000008008058       0x19 ./drivers/fsl_clock.o
 *fill*         0x0000000008008071        0x3 ff
 .rodata.SDK_DelayAtLeastUs.str1.4
                0x0000000008008074       0x2b ./drivers/fsl_common_arm.o
 *fill*         0x000000000800809f        0x1 ff
 .rodata.CLOCK_EnableClock.str1.4
                0x00000000080080a0       0x19 ./drivers/fsl_flexcomm.o
 *fill*         0x00000000080080b9        0x3 ff
 .rodata.s_flexcommBaseAddrs
                0x00000000080080bc       0x44 ./drivers/fsl_flexcomm.o
 .rodata.s_flexcommClocks
                0x0000000008008100       0x22 ./drivers/fsl_flexcomm.o
 *fill*         0x0000000008008122        0x2 ff
 .rodata.s_flexcommResets
                0x0000000008008124       0x22 ./drivers/fsl_flexcomm.o
 *fill*         0x0000000008008146        0x2 ff
 .rodata.FLEXCOMM_GetInstance.str1.4
                0x0000000008008148       0x42 ./drivers/fsl_flexcomm.o
 *fill*         0x000000000800818a        0x2 ff
 .rodata.FLEXCOMM0_DriverIRQHandler.str1.4
                0x000000000800818c       0x3c ./drivers/fsl_flexcomm.o
 .rodata.FLEXCOMM1_DriverIRQHandler.str1.4
                0x00000000080081c8       0x3c ./drivers/fsl_flexcomm.o
 .rodata.FLEXCOMM2_DriverIRQHandler.str1.4
                0x0000000008008204       0x3c ./drivers/fsl_flexcomm.o
 .rodata.FLEXCOMM3_DriverIRQHandler.str1.4
                0x0000000008008240       0x3c ./drivers/fsl_flexcomm.o
 .rodata.FLEXCOMM4_DriverIRQHandler.str1.4
                0x000000000800827c       0x3c ./drivers/fsl_flexcomm.o
 .rodata.FLEXCOMM5_DriverIRQHandler.str1.4
                0x00000000080082b8       0x3c ./drivers/fsl_flexcomm.o
 .rodata.FLEXCOMM6_DriverIRQHandler.str1.4
                0x00000000080082f4       0x3c ./drivers/fsl_flexcomm.o
 .rodata.FLEXCOMM7_DriverIRQHandler.str1.4
                0x0000000008008330       0x3c ./drivers/fsl_flexcomm.o
 .rodata.FLEXCOMM8_DriverIRQHandler.str1.4
                0x000000000800836c       0x3c ./drivers/fsl_flexcomm.o
 .rodata.FLEXCOMM9_DriverIRQHandler.str1.4
                0x00000000080083a8       0x3c ./drivers/fsl_flexcomm.o
 .rodata.FLEXCOMM10_DriverIRQHandler.str1.4
                0x00000000080083e4       0x3c ./drivers/fsl_flexcomm.o
 .rodata.FLEXCOMM11_DriverIRQHandler.str1.4
                0x0000000008008420       0x3c ./drivers/fsl_flexcomm.o
 .rodata.FLEXCOMM12_DriverIRQHandler.str1.4
                0x000000000800845c       0x3c ./drivers/fsl_flexcomm.o
 .rodata.FLEXCOMM13_DriverIRQHandler.str1.4
                0x0000000008008498       0x3c ./drivers/fsl_flexcomm.o
 .rodata.FLEXCOMM14_DriverIRQHandler.str1.4
                0x00000000080084d4       0x3c ./drivers/fsl_flexcomm.o
 .rodata.FLEXCOMM15_DriverIRQHandler.str1.4
                0x0000000008008510       0x3c ./drivers/fsl_flexcomm.o
 .rodata.FLEXCOMM16_DriverIRQHandler.str1.4
                0x000000000800854c       0x3c ./drivers/fsl_flexcomm.o
 .rodata.RESET_SetPeripheralReset.str1.4
                0x0000000008008588       0x1e ./drivers/fsl_reset.o
 *fill*         0x00000000080085a6        0x2 ff
 .rodata.RESET_ClearPeripheralReset.str1.4
                0x00000000080085a8       0x1f ./drivers/fsl_reset.o
 *fill*         0x00000000080085c7        0x1 ff
 .rodata.USART_Init.str1.4
                0x00000000080085c8       0x4f ./drivers/fsl_usart.o
 *fill*         0x0000000008008617        0x1 ff
 .rodata.USART_GetDefaultConfig.str1.4
                0x0000000008008618       0x21 ./drivers/fsl_usart.o
 *fill*         0x0000000008008639        0x3 ff
 .rodata.USART_SetBaudRate.str1.4
                0x000000000800863c       0x53 ./drivers/fsl_usart.o
 *fill*         0x000000000800868f        0x1 ff
 .rodata.USART_WriteBlocking.str1.4
                0x0000000008008690       0x36 ./drivers/fsl_usart.o
 *fill*         0x00000000080086c6        0x2 ff
 .rodata.s_UsartAdapterBase
                0x00000000080086c8       0x38 ./component/uart/fsl_adapter_usart.o
 .rodata.HAL_UartInitCommon.str1.4
                0x0000000008008700       0xeb ./component/uart/fsl_adapter_usart.o
 *fill*         0x00000000080087eb        0x1 ff
 .rodata.HAL_UartSendBlocking.str1.4
                0x00000000080087ec       0x65 ./component/uart/fsl_adapter_usart.o
 *fill*         0x0000000008008851        0x3 ff
 .rodata        0x0000000008008854       0x24 ./board/board.o
 .rodata.g_sysPllConfig_BOARD_BootClockRUN
                0x0000000008008878       0x10 ./board/clock_config.o
                0x0000000008008878                g_sysPllConfig_BOARD_BootClockRUN
 .rodata.g_audioPllConfig_BOARD_BootClockRUN
                0x0000000008008888       0x10 ./board/clock_config.o
                0x0000000008008888                g_audioPllConfig_BOARD_BootClockRUN
 .rodata.__num_Ciob_streams
                0x0000000008008898        0x4 /Applications/MCUXpressoIDE_11.6.1_8255/ide/plugins/com.nxp.mcuxpresso.tools.macosx_11.6.1.202207200623/tools/bin/../lib/gcc/arm-none-eabi/10.3.1/../../../../arm-none-eabi/lib/thumb/v8-m.main+fp/hard/libcr_nohost_nf.a(__ciob.o)
                0x0000000008008898                __num_Ciob_streams
 .rodata._initio.str1.1
                0x000000000800889c        0x4 /Applications/MCUXpressoIDE_11.6.1_8255/ide/plugins/com.nxp.mcuxpresso.tools.macosx_11.6.1.202207200623/tools/bin/../lib/gcc/arm-none-eabi/10.3.1/../../../../arm-none-eabi/lib/thumb/v8-m.main+fp/hard/libcr_c.a(initio.o)
                0x00000000080088a0                . = ALIGN (0x4)
                0x00000000080088a0                _etext = .

.glue_7         0x00000000080088a0        0x0
 .glue_7        0x00000000080088a0        0x0 linker stubs

.glue_7t        0x00000000080088a0        0x0
 .glue_7t       0x00000000080088a0        0x0 linker stubs

.vfp11_veneer   0x00000000080088a0        0x0
 .vfp11_veneer  0x00000000080088a0        0x0 linker stubs

.v4_bx          0x00000000080088a0        0x0
 .v4_bx         0x00000000080088a0        0x0 linker stubs

.iplt           0x00000000080088a0        0x0
 .iplt          0x00000000080088a0        0x0 ./utilities/fsl_assert.o

.rel.dyn        0x00000000080088a0        0x0
 .rel.iplt      0x00000000080088a0        0x0 ./utilities/fsl_assert.o

.m_usb_data
 *(SORT_BY_ALIGNMENT(m_usb_global))

.data_RAM2      0x0000000040140000        0x0 load address 0x00000000080088a0
 FILL mask 0xff
                [!provide]                        PROVIDE (__start_data_RAM2 = .)
                [!provide]                        PROVIDE (__start_data_USB_RAM = .)
 *(SORT_BY_ALIGNMENT(.ramfunc.$RAM2))
 *(SORT_BY_ALIGNMENT(.ramfunc.$USB_RAM))
 *(SORT_BY_ALIGNMENT(.data.$RAM2))
 *(SORT_BY_ALIGNMENT(.data.$USB_RAM))
 *(SORT_BY_ALIGNMENT(.data.$RAM2.*))
 *(SORT_BY_ALIGNMENT(.data.$USB_RAM.*))
                0x0000000040140000                . = ALIGN (0x4)
                [!provide]                        PROVIDE (__end_data_RAM2 = .)
                [!provide]                        PROVIDE (__end_data_USB_RAM = .)

.uninit_RESERVED
                0x0000000020280000        0x0
                0x0000000020280000                _start_uninit_RESERVED = .
 *(SORT_BY_ALIGNMENT(.bss.$RESERVED*))
                0x0000000020280000                . = ALIGN (0x4)
                0x0000000020280000                _end_uninit_RESERVED = .

.data           0x0000000020280000     0x1858 load address 0x00000000080088a0
 FILL mask 0xff
                0x0000000020280000                _data = .
                [!provide]                        PROVIDE (__start_data_RAM = .)
                [!provide]                        PROVIDE (__start_data_SRAM = .)
 *(SORT_BY_ALIGNMENT(vtable))
 *(SORT_BY_ALIGNMENT(.ramfunc*))
 *(SORT_BY_ALIGNMENT(CodeQuickAccess))
 CodeQuickAccess
                0x0000000020280000       0x70 ./drivers/fsl_iap.o
                0x0000000020280000                IAP_FlexspiNorInit
                0x0000000020280024                IAP_FlexspiNorAutoConfig
 CodeQuickAccess
                0x0000000020280070     0x12b0 ./drivers/fsl_power.o
                0x00000000202800a8                POWER_EnterRbb
                0x00000000202801c4                POWER_EnterFbb
                0x00000000202802e0                POWER_EnterNbb
                0x0000000020280ae0                POWER_EnterDeepSleep
 CodeQuickAccess
                0x0000000020281320      0x498 ./board/board.o
                0x0000000020281320                BOARD_SetFlexspiClock
                0x0000000020281434                BOARD_DeinitFlash
                0x000000002028148c                BOARD_InitFlash
                0x000000002028152e                BOARD_SetDeepSleepPinConfig
                0x00000000202816c8                BOARD_RestoreDeepSleepPinConfig
                0x000000002028177c                BOARD_EnterDeepSleep
                0x000000002028179a                BOARD_EnterDeepPowerDown
 CodeQuickAccess.__stub
                0x00000000202817b8       0x50 linker stubs
 *(SORT_BY_ALIGNMENT(DataQuickAccess))
 DataQuickAccess
                0x0000000020281808        0xd ./drivers/fsl_power.o
 *fill*         0x0000000020281815        0x3 ff
 DataQuickAccess
                0x0000000020281818       0x34 ./board/board.o
 *(SORT_BY_ALIGNMENT(RamFunction))
 *(SORT_BY_ALIGNMENT(.data*))
 .data.ulCriticalNesting
                0x000000002028184c        0x4 ./freertos/freertos_kernel/portable/GCC/ARM_CM33_NTZ/non_secure/port.o
 .data.uxTopUsedPriority
                0x0000000020281850        0x4 ./freertos/freertos_kernel/tasks.o
                0x0000000020281850                uxTopUsedPriority
 .data.SystemCoreClock
                0x0000000020281854        0x4 ./device/system_MIMXRT595S_cm33.o
                0x0000000020281854                SystemCoreClock
                0x0000000020281858                . = ALIGN (0x4)
                0x0000000020281858                _edata = .
                [!provide]                        PROVIDE (__end_data_RAM = .)
                [!provide]                        PROVIDE (__end_data_SRAM = .)

.igot.plt       0x0000000020281858        0x0 load address 0x000000000800a0f8
 .igot.plt      0x0000000020281858        0x0 ./utilities/fsl_assert.o

.bss_RAM2       0x0000000040140000        0x0
                [!provide]                        PROVIDE (__start_bss_RAM2 = .)
                [!provide]                        PROVIDE (__start_bss_USB_RAM = .)
 *(SORT_BY_ALIGNMENT(.bss.$RAM2))
 *(SORT_BY_ALIGNMENT(.bss.$USB_RAM))
 *(SORT_BY_ALIGNMENT(.bss.$RAM2.*))
 *(SORT_BY_ALIGNMENT(.bss.$USB_RAM.*))
                0x0000000040140000                . = ALIGN ((. != 0x0)?0x4:0x1)
                [!provide]                        PROVIDE (__end_bss_RAM2 = .)
                [!provide]                        PROVIDE (__end_bss_USB_RAM = .)

.bss            0x0000000020281858     0x2b24
                0x0000000020281858                _bss = .
                [!provide]                        PROVIDE (__start_bss_RAM = .)
                [!provide]                        PROVIDE (__start_bss_SRAM = .)
 *(SORT_BY_ALIGNMENT(.bss*))
 .bss.s_debugConsoleState
                0x0000000020281858       0x20 ./utilities/fsl_debug_console.o
 .bss.g_serialHandle
                0x0000000020281878        0x4 ./utilities/fsl_debug_console.o
                0x0000000020281878                g_serialHandle
 .bss.xMutex    0x000000002028187c        0x4 ./source/freertos_mutex.o
                0x000000002028187c                xMutex
 .bss.ucHeap    0x0000000020281880     0x2800 ./freertos/freertos_kernel/portable/MemMang/heap_4.o
 .bss.xStart    0x0000000020284080        0x8 ./freertos/freertos_kernel/portable/MemMang/heap_4.o
 .bss.pxEnd     0x0000000020284088        0x4 ./freertos/freertos_kernel/portable/MemMang/heap_4.o
 .bss.xFreeBytesRemaining
                0x000000002028408c        0x4 ./freertos/freertos_kernel/portable/MemMang/heap_4.o
 .bss.xMinimumEverFreeBytesRemaining
                0x0000000020284090        0x4 ./freertos/freertos_kernel/portable/MemMang/heap_4.o
 .bss.xNumberOfSuccessfulAllocations
                0x0000000020284094        0x4 ./freertos/freertos_kernel/portable/MemMang/heap_4.o
 .bss.xNumberOfSuccessfulFrees
                0x0000000020284098        0x4 ./freertos/freertos_kernel/portable/MemMang/heap_4.o
 .bss.xBlockAllocatedBit
                0x000000002028409c        0x4 ./freertos/freertos_kernel/portable/MemMang/heap_4.o
 .bss.xQueueRegistry
                0x00000000202840a0       0x40 ./freertos/freertos_kernel/queue.o
                0x00000000202840a0                xQueueRegistry
 .bss.pxCurrentTCB
                0x00000000202840e0        0x4 ./freertos/freertos_kernel/tasks.o
                0x00000000202840e0                pxCurrentTCB
 .bss.pxReadyTasksLists
                0x00000000202840e4       0x64 ./freertos/freertos_kernel/tasks.o
 .bss.xDelayedTaskList1
                0x0000000020284148       0x14 ./freertos/freertos_kernel/tasks.o
 .bss.xDelayedTaskList2
                0x000000002028415c       0x14 ./freertos/freertos_kernel/tasks.o
 .bss.pxDelayedTaskList
                0x0000000020284170        0x4 ./freertos/freertos_kernel/tasks.o
 .bss.pxOverflowDelayedTaskList
                0x0000000020284174        0x4 ./freertos/freertos_kernel/tasks.o
 .bss.xPendingReadyList
                0x0000000020284178       0x14 ./freertos/freertos_kernel/tasks.o
 .bss.xTasksWaitingTermination
                0x000000002028418c       0x14 ./freertos/freertos_kernel/tasks.o
 .bss.uxDeletedTasksWaitingCleanUp
                0x00000000202841a0        0x4 ./freertos/freertos_kernel/tasks.o
 .bss.xSuspendedTaskList
                0x00000000202841a4       0x14 ./freertos/freertos_kernel/tasks.o
 .bss.uxCurrentNumberOfTasks
                0x00000000202841b8        0x4 ./freertos/freertos_kernel/tasks.o
 .bss.xTickCount
                0x00000000202841bc        0x4 ./freertos/freertos_kernel/tasks.o
 .bss.uxTopReadyPriority
                0x00000000202841c0        0x4 ./freertos/freertos_kernel/tasks.o
 .bss.xSchedulerRunning
                0x00000000202841c4        0x4 ./freertos/freertos_kernel/tasks.o
 .bss.xPendedTicks
                0x00000000202841c8        0x4 ./freertos/freertos_kernel/tasks.o
 .bss.xYieldPending
                0x00000000202841cc        0x4 ./freertos/freertos_kernel/tasks.o
 .bss.xNumOfOverflows
                0x00000000202841d0        0x4 ./freertos/freertos_kernel/tasks.o
 .bss.uxTaskNumber
                0x00000000202841d4        0x4 ./freertos/freertos_kernel/tasks.o
 .bss.xNextTaskUnblockTime
                0x00000000202841d8        0x4 ./freertos/freertos_kernel/tasks.o
 .bss.xIdleTaskHandle
                0x00000000202841dc        0x4 ./freertos/freertos_kernel/tasks.o
 .bss.uxSchedulerSuspended
                0x00000000202841e0        0x4 ./freertos/freertos_kernel/tasks.o
 .bss.xActiveTimerList1
                0x00000000202841e4       0x14 ./freertos/freertos_kernel/timers.o
 .bss.xActiveTimerList2
                0x00000000202841f8       0x14 ./freertos/freertos_kernel/timers.o
 .bss.pxCurrentTimerList
                0x000000002028420c        0x4 ./freertos/freertos_kernel/timers.o
 .bss.pxOverflowTimerList
                0x0000000020284210        0x4 ./freertos/freertos_kernel/timers.o
 .bss.xTimerQueue
                0x0000000020284214        0x4 ./freertos/freertos_kernel/timers.o
 .bss.xTimerTaskHandle
                0x0000000020284218        0x4 ./freertos/freertos_kernel/timers.o
 .bss.xLastTime.0
                0x000000002028421c        0x4 ./freertos/freertos_kernel/timers.o
 .bss.g_xtalFreq
                0x0000000020284220        0x4 ./drivers/fsl_clock.o
                0x0000000020284220                g_xtalFreq
 .bss.g_clkinFreq
                0x0000000020284224        0x4 ./drivers/fsl_clock.o
                0x0000000020284224                g_clkinFreq
 .bss.g_mclkFreq
                0x0000000020284228        0x4 ./drivers/fsl_clock.o
                0x0000000020284228                g_mclkFreq
 .bss.s_flexcommIrqHandler
                0x000000002028422c       0x44 ./drivers/fsl_flexcomm.o
 .bss.s_flexcommHandle
                0x0000000020284270       0x44 ./drivers/fsl_flexcomm.o
 .bss.s_flexspiHandle
                0x00000000202842b4        0x8 ./drivers/fsl_flexspi.o
 .bss.s_flexspiIsr
                0x00000000202842bc        0x4 ./drivers/fsl_flexspi.o
 .bss.errno     0x00000000202842c0        0x4 /Applications/MCUXpressoIDE_11.6.1_8255/ide/plugins/com.nxp.mcuxpresso.tools.macosx_11.6.1.202207200623/tools/bin/../lib/gcc/arm-none-eabi/10.3.1/../../../../arm-none-eabi/lib/thumb/v8-m.main+fp/hard/libcr_c.a(errno.o)
                0x00000000202842c0                errno
 .bss.__Ciob    0x00000000202842c4       0xb4 /Applications/MCUXpressoIDE_11.6.1_8255/ide/plugins/com.nxp.mcuxpresso.tools.macosx_11.6.1.202207200623/tools/bin/../lib/gcc/arm-none-eabi/10.3.1/../../../../arm-none-eabi/lib/thumb/v8-m.main+fp/hard/libcr_nohost_nf.a(__ciob.o)
                0x00000000202842c4                __Ciob
 .bss.s_debugConsoleReadWaitSemaphore
                0x0000000020284378        0x1 ./utilities/fsl_debug_console.o
 *(SORT_BY_ALIGNMENT(COMMON))
                0x000000002028437c                . = ALIGN (0x4)
 *fill*         0x0000000020284379        0x3 
                0x000000002028437c                _ebss = .
                [!provide]                        PROVIDE (__end_bss_RAM = .)
                [!provide]                        PROVIDE (__end_bss_SRAM = .)
                [!provide]                        PROVIDE (end = .)

.noinit_RAM2    0x0000000040140000        0x0
                [!provide]                        PROVIDE (__start_noinit_RAM2 = .)
                [!provide]                        PROVIDE (__start_noinit_USB_RAM = .)
 *(SORT_BY_ALIGNMENT(.noinit.$RAM2))
 *(SORT_BY_ALIGNMENT(.noinit.$USB_RAM))
 *(SORT_BY_ALIGNMENT(.noinit.$RAM2.*))
 *(SORT_BY_ALIGNMENT(.noinit.$USB_RAM.*))
                0x0000000040140000                . = ALIGN (0x4)
                [!provide]                        PROVIDE (__end_noinit_RAM2 = .)
                [!provide]                        PROVIDE (__end_noinit_USB_RAM = .)

.noinit         0x000000002028437c        0x0
                0x000000002028437c                _noinit = .
                [!provide]                        PROVIDE (__start_noinit_RAM = .)
                [!provide]                        PROVIDE (__start_noinit_SRAM = .)
 *(SORT_BY_ALIGNMENT(.noinit*))
                0x000000002028437c                . = ALIGN (0x4)
                0x000000002028437c                _end_noinit = .
                [!provide]                        PROVIDE (__end_noinit_RAM = .)
                [!provide]                        PROVIDE (__end_noinit_SRAM = .)

.ARM.extab
 *(SORT_BY_ALIGNMENT(.ARM.extab*) SORT_BY_ALIGNMENT(.gnu.linkonce.armextab.*))

.ARM.exidx      0x000000000800a0f8        0x0
                0x000000000800a0f8                __exidx_start = .
 *(SORT_BY_ALIGNMENT(.ARM.exidx*) SORT_BY_ALIGNMENT(.gnu.linkonce.armexidx.*))
                0x000000000800a0f8                __exidx_end = .
                0x0000000000001000                _HeapSize = 0x1000

.heap           0x000000002028437c     0x1000
                0x000000002028437c                _pvHeapStart = .
                0x000000002028537c                . = (. + _HeapSize)
 *fill*         0x000000002028437c     0x1000 
                0x000000002028537c                . = ALIGN (0x4)
                0x000000002028537c                _pvHeapLimit = .
                0x0000000000001000                _StackSize = 0x1000

.heap2stackfill
                0x000000002028537c     0x1000
                0x000000002028637c                . = (. + _StackSize)
 *fill*         0x000000002028537c     0x1000 

.stack          0x00000000204ff000        0x0
                0x00000000204ff000                _vStackBase = .
                0x00000000204ff000                . = ALIGN (0x4)
                0x0000000020500000                _vStackTop = (. + _StackSize)
                0x0000000008001000                _image_start = LOADADDR (.text)
                0x000000000800a0f8                _image_end = (LOADADDR (.data) + SIZEOF (.data))
                0x00000000000090f8                _image_size = (_image_end - _image_start)
                0x0000000008001000                __imghdr_loadaddress = LOADADDR (.text)
                0x0000000000000000                __imghdr_imagetype = 0x0
OUTPUT(evkmimxrt595_freertos_mutex.axf elf32-littlearm)
LOAD linker stubs

.debug_info     0x0000000000000000    0x1c81b
 .debug_info    0x0000000000000000       0xaa ./utilities/fsl_assert.o
 .debug_info    0x00000000000000aa      0xc49 ./utilities/fsl_debug_console.o
 .debug_info    0x0000000000000cf3      0xafc ./utilities/fsl_str.o
 .debug_info    0x00000000000017ef      0x814 ./startup/startup_mimxrt595s_cm33.o
 .debug_info    0x0000000000002003      0x4a8 ./source/freertos_mutex.o
 .debug_info    0x00000000000024ab       0x3c ./source/semihost_hardfault.o
 .debug_info    0x00000000000024e7      0x41b ./freertos/freertos_kernel/portable/MemMang/heap_4.o
 .debug_info    0x0000000000002902      0x2c2 ./freertos/freertos_kernel/portable/GCC/ARM_CM33_NTZ/non_secure/port.o
 .debug_info    0x0000000000002bc4      0x14d ./freertos/freertos_kernel/portable/GCC/ARM_CM33_NTZ/non_secure/portasm.o
 .debug_info    0x0000000000002d11      0x2be ./freertos/freertos_kernel/list.o
 .debug_info    0x0000000000002fcf     0x110c ./freertos/freertos_kernel/queue.o
 .debug_info    0x00000000000040db     0x1afc ./freertos/freertos_kernel/tasks.o
 .debug_info    0x0000000000005bd7      0xc77 ./freertos/freertos_kernel/timers.o
 .debug_info    0x000000000000684e      0x92b ./flash_config/flash_config.o
 .debug_info    0x0000000000007179     0x3819 ./drivers/fsl_clock.o
 .debug_info    0x000000000000a992       0xee ./drivers/fsl_common_arm.o
 .debug_info    0x000000000000aa80     0x1cec ./drivers/fsl_flexcomm.o
 .debug_info    0x000000000000c76c     0x28f7 ./drivers/fsl_flexspi.o
 .debug_info    0x000000000000f063     0x1175 ./drivers/fsl_iap.o
 .debug_info    0x00000000000101d8     0x323d ./drivers/fsl_power.o
 .debug_info    0x0000000000013415      0x524 ./drivers/fsl_reset.o
 .debug_info    0x0000000000013939     0x17d5 ./drivers/fsl_usart.o
 .debug_info    0x000000000001510e     0x1449 ./device/system_MIMXRT595S_cm33.o
 .debug_info    0x0000000000016557      0xc1c ./component/uart/fsl_adapter_usart.o
 .debug_info    0x0000000000017173      0xca2 ./component/serial_manager/fsl_component_serial_manager.o
 .debug_info    0x0000000000017e15      0x472 ./component/serial_manager/fsl_component_serial_port_uart.o
 .debug_info    0x0000000000018287     0x2787 ./board/board.o
 .debug_info    0x000000000001aa0e     0x1c5c ./board/clock_config.o
 .debug_info    0x000000000001c66a      0x1b1 ./board/pin_mux.o

.debug_abbrev   0x0000000000000000     0x35d0
 .debug_abbrev  0x0000000000000000       0x66 ./utilities/fsl_assert.o
 .debug_abbrev  0x0000000000000066      0x232 ./utilities/fsl_debug_console.o
 .debug_abbrev  0x0000000000000298      0x24d ./utilities/fsl_str.o
 .debug_abbrev  0x00000000000004e5      0x152 ./startup/startup_mimxrt595s_cm33.o
 .debug_abbrev  0x0000000000000637      0x101 ./source/freertos_mutex.o
 .debug_abbrev  0x0000000000000738       0x31 ./source/semihost_hardfault.o
 .debug_abbrev  0x0000000000000769      0x175 ./freertos/freertos_kernel/portable/MemMang/heap_4.o
 .debug_abbrev  0x00000000000008de      0x154 ./freertos/freertos_kernel/portable/GCC/ARM_CM33_NTZ/non_secure/port.o
 .debug_abbrev  0x0000000000000a32       0xb9 ./freertos/freertos_kernel/portable/GCC/ARM_CM33_NTZ/non_secure/portasm.o
 .debug_abbrev  0x0000000000000aeb       0xf2 ./freertos/freertos_kernel/list.o
 .debug_abbrev  0x0000000000000bdd      0x207 ./freertos/freertos_kernel/queue.o
 .debug_abbrev  0x0000000000000de4      0x2b8 ./freertos/freertos_kernel/tasks.o
 .debug_abbrev  0x000000000000109c      0x216 ./freertos/freertos_kernel/timers.o
 .debug_abbrev  0x00000000000012b2      0x135 ./flash_config/flash_config.o
 .debug_abbrev  0x00000000000013e7      0x379 ./drivers/fsl_clock.o
 .debug_abbrev  0x0000000000001760       0x92 ./drivers/fsl_common_arm.o
 .debug_abbrev  0x00000000000017f2      0x290 ./drivers/fsl_flexcomm.o
 .debug_abbrev  0x0000000000001a82      0x350 ./drivers/fsl_flexspi.o
 .debug_abbrev  0x0000000000001dd2      0x294 ./drivers/fsl_iap.o
 .debug_abbrev  0x0000000000002066      0x43d ./drivers/fsl_power.o
 .debug_abbrev  0x00000000000024a3      0x10a ./drivers/fsl_reset.o
 .debug_abbrev  0x00000000000025ad      0x2f6 ./drivers/fsl_usart.o
 .debug_abbrev  0x00000000000028a3      0x17d ./device/system_MIMXRT595S_cm33.o
 .debug_abbrev  0x0000000000002a20      0x1cb ./component/uart/fsl_adapter_usart.o
 .debug_abbrev  0x0000000000002beb      0x299 ./component/serial_manager/fsl_component_serial_manager.o
 .debug_abbrev  0x0000000000002e84      0x167 ./component/serial_manager/fsl_component_serial_port_uart.o
 .debug_abbrev  0x0000000000002feb      0x2de ./board/board.o
 .debug_abbrev  0x00000000000032c9      0x1df ./board/clock_config.o
 .debug_abbrev  0x00000000000034a8      0x128 ./board/pin_mux.o

.debug_aranges  0x0000000000000000     0x1438
 .debug_aranges
                0x0000000000000000       0x20 ./utilities/fsl_assert.o
 .debug_aranges
                0x0000000000000020       0xa8 ./utilities/fsl_debug_console.o
 .debug_aranges
                0x00000000000000c8       0xb8 ./utilities/fsl_str.o
 .debug_aranges
                0x0000000000000180      0x2d8 ./startup/startup_mimxrt595s_cm33.o
 .debug_aranges
                0x0000000000000458       0x30 ./source/freertos_mutex.o
 .debug_aranges
                0x0000000000000488       0x20 ./source/semihost_hardfault.o
 .debug_aranges
                0x00000000000004a8       0x58 ./freertos/freertos_kernel/portable/MemMang/heap_4.o
 .debug_aranges
                0x0000000000000500       0x78 ./freertos/freertos_kernel/portable/GCC/ARM_CM33_NTZ/non_secure/port.o
 .debug_aranges
                0x0000000000000578       0x60 ./freertos/freertos_kernel/portable/GCC/ARM_CM33_NTZ/non_secure/portasm.o
 .debug_aranges
                0x00000000000005d8       0x40 ./freertos/freertos_kernel/list.o
 .debug_aranges
                0x0000000000000618      0x130 ./freertos/freertos_kernel/queue.o
 .debug_aranges
                0x0000000000000748      0x208 ./freertos/freertos_kernel/tasks.o
 .debug_aranges
                0x0000000000000950       0xe8 ./freertos/freertos_kernel/timers.o
 .debug_aranges
                0x0000000000000a38       0x18 ./flash_config/flash_config.o
 .debug_aranges
                0x0000000000000a50      0x200 ./drivers/fsl_clock.o
 .debug_aranges
                0x0000000000000c50       0x28 ./drivers/fsl_common_arm.o
 .debug_aranges
                0x0000000000000c78       0xd0 ./drivers/fsl_flexcomm.o
 .debug_aranges
                0x0000000000000d48      0x108 ./drivers/fsl_flexspi.o
 .debug_aranges
                0x0000000000000e50       0xc0 ./drivers/fsl_iap.o
 .debug_aranges
                0x0000000000000f10      0x190 ./drivers/fsl_power.o
 .debug_aranges
                0x00000000000010a0       0x30 ./drivers/fsl_reset.o
 .debug_aranges
                0x00000000000010d0       0xf8 ./drivers/fsl_usart.o
 .debug_aranges
                0x00000000000011c8       0x38 ./device/system_MIMXRT595S_cm33.o
 .debug_aranges
                0x0000000000001200       0x58 ./component/uart/fsl_adapter_usart.o
 .debug_aranges
                0x0000000000001258       0xa0 ./component/serial_manager/fsl_component_serial_manager.o
 .debug_aranges
                0x00000000000012f8       0x48 ./component/serial_manager/fsl_component_serial_port_uart.o
 .debug_aranges
                0x0000000000001340       0x88 ./board/board.o
 .debug_aranges
                0x00000000000013c8       0x40 ./board/clock_config.o
 .debug_aranges
                0x0000000000001408       0x30 ./board/pin_mux.o

.debug_ranges   0x0000000000000000     0x1290
 .debug_ranges  0x0000000000000000       0x10 ./utilities/fsl_assert.o
 .debug_ranges  0x0000000000000010       0x98 ./utilities/fsl_debug_console.o
 .debug_ranges  0x00000000000000a8       0xd8 ./utilities/fsl_str.o
 .debug_ranges  0x0000000000000180      0x2c8 ./startup/startup_mimxrt595s_cm33.o
 .debug_ranges  0x0000000000000448       0x20 ./source/freertos_mutex.o